# JEV G5 审计日志(append-only,勿手改)
# 格式: 时间戳 | 台账sha256 | 条目数 | 已结算 | 规避 | 判定 | exit
2026-10-01 22:14:58 | d64248c65713453e | 15 | 11 | 10 | 样本不足: 参与比较的轮次 2 < 3(每轮需结算条目 ≥ 3) —— 不判定抬头 | 3
2026-10-01 22:14:58 | d64248c65713453e | 15 | 11 | 10 | 样本不足: 参与比较的轮次 2 < 3(每轮需结算条目 ≥ 3) —— 不判定抬头 | 3
2026-10-01 22:19:44 | d64248c65713453e | 15 | 11 | 10 | 样本不足: 参与比较的轮次 2 < 3(每轮需结算条目 ≥ 3) —— 不判定抬头 | 3
2026-10-01 22:19:53 | d64248c65713453e | 15 | 11 | 10 | 样本不足: 参与比较的轮次 2 < 3(每轮需结算条目 ≥ 3) —— 不判定抬头 | 3
2026-10-01 22:32:04 | 6a8d54a27c91b0bd | 16 | 11 | 10 | 样本不足: 参与比较的轮次 2 < 3(每轮需结算条目 ≥ 3) —— 不判定抬头 | 3
2026-10-01 22:44:39 | 6a8d54a27c91b0bd | 16 | 11 | 10 | 样本不足: 参与比较的轮次 2 < 3(每轮需结算条目 ≥ 3) —— 不判定抬头 | 3
2026-10-01 22:51:27 | 6a8d54a27c91b0bd | 16 | 11 | 10 | 样本不足: 参与比较的轮次 2 < 3(每轮需结算条目 ≥ 3) —— 不判定抬头 | 3
2026-10-01 22:53:48 | 6a8d54a27c91b0bd | 16 | 11 | 10 | 样本不足: 参与比较的轮次 2 < 3(每轮需结算条目 ≥ 3) —— 不判定抬头 | 3
2026-10-01 22:58:15 | 6a8d54a27c91b0bd | 16 | 11 | 10 | 样本不足: 参与比较的轮次 2 < 3(每轮需结算条目 ≥ 3) —— 不判定抬头 | 3
2026-10-01 22:58:15 | 6a8d54a27c91b0bd | 16 | 11 | 10 | 样本不足: 参与比较的轮次 2 < 3(每轮需结算条目 ≥ 3) —— 不判定抬头 | 3
2026-10-01 23:07:39 | 6a8d54a27c91b0bd | 16 | 11 | 10 | 样本不足: 参与比较的轮次 2 < 3(每轮需结算条目 ≥ 3) —— 不判定抬头 | 3
2026-10-01 23:17:33 | 6a8d54a27c91b0bd | 16 | 11 | 10 | 样本不足: 参与比较的轮次 2 < 3(每轮需结算条目 ≥ 3) —— 不判定抬头 | 3
2026-10-01 23:38:39 | 6a8d54a27c91b0bd | 16 | 11 | 10 | 样本不足: 参与比较的轮次 2 < 3(每轮需结算条目 ≥ 3) —— 不判定抬头 | 3
2026-10-01 23:38:39 | 6a8d54a27c91b0bd | 16 | 11 | 10 | 样本不足: 参与比较的轮次 2 < 3(每轮需结算条目 ≥ 3) —— 不判定抬头 | 3
2026-10-01 23:39:02 | 6a8d54a27c91b0bd | 16 | 11 | 10 | 样本不足: 参与比较的轮次 2 < 3(每轮需结算条目 ≥ 3) —— 不判定抬头 | 3
2026-10-01 23:40:29 | 6a8d54a27c91b0bd | 16 | 11 | 10 | 样本不足: 参与比较的轮次 2 < 3(每轮需结算条目 ≥ 3) —— 不判定抬头 | 3
2026-10-01 23:40:53 | 6a8d54a27c91b0bd | 16 | 11 | 10 | 样本不足: 参与比较的轮次 2 < 3(每轮需结算条目 ≥ 3) —— 不判定抬头 | 3
2026-10-01 23:41:04 | 6a8d54a27c91b0bd | 16 | 11 | 10 | 样本不足: 参与比较的轮次 2 < 3(每轮需结算条目 ≥ 3) —— 不判定抬头 | 3
2026-10-01 23:42:57 | 6a8d54a27c91b0bd | 16 | 11 | 10 | 样本不足: 参与比较的轮次 2 < 3(每轮需结算条目 ≥ 3) —— 不判定抬头 | 3
2026-10-01 23:51:39 | 6a8d54a27c91b0bd | 16 | 11 | 10 | 样本不足: 参与比较的轮次 2 < 3(每轮需结算条目 ≥ 3) —— 不判定抬头 | 3
2026-10-01 23:53:13 | 6a8d54a27c91b0bd | 16 | 11 | 10 | 样本不足: 参与比较的轮次 2 < 3(每轮需结算条目 ≥ 3) —— 不判定抬头 | 3
2026-10-01 23:54:24 | 6a8d54a27c91b0bd | 16 | 11 | 10 | 样本不足: 参与比较的轮次 2 < 3(每轮需结算条目 ≥ 3) —— 不判定抬头 | 3
2026-10-01 23:55:18 | 6a8d54a27c91b0bd | 16 | 11 | 10 | 样本不足: 参与比较的轮次 2 < 3(每轮需结算条目 ≥ 3) —— 不判定抬头 | 3
2026-10-01 23:56:11 | 6a8d54a27c91b0bd | 16 | 11 | 10 | 样本不足: 参与比较的轮次 2 < 3(每轮需结算条目 ≥ 3) —— 不判定抬头 | 3
2026-10-01 23:57:05 | 6a8d54a27c91b0bd | 16 | 11 | 10 | 样本不足: 参与比较的轮次 2 < 3(每轮需结算条目 ≥ 3) —— 不判定抬头 | 3
2026-10-01 23:57:42 | 6a8d54a27c91b0bd | 16 | 11 | 10 | 样本不足: 参与比较的轮次 2 < 3(每轮需结算条目 ≥ 3) —— 不判定抬头 | 3
2026-10-02 00:08:04 | 6a8d54a27c91b0bd | 16 | 11 | 10 | 样本不足: 参与比较的轮次 2 < 3(每轮需结算条目 ≥ 3) —— 不判定抬头 | 3
2026-10-02 00:33:10 | 6a8d54a27c91b0bd | 16 | 11 | 10 | 样本不足: 参与比较的轮次 2 < 3(每轮需结算条目 ≥ 3) —— 不判定抬头 | 3
2026-10-02 00:41:38 | 8e80aea60fa2f900 | 20 | 12 | 11 | 样本不足: 参与比较的轮次 2 < 3(每轮需结算条目 ≥ 3) —— 不判定抬头 | 3
2026-10-02 00:43:29 | 8e80aea60fa2f900 | 20 | 12 | 11 | 样本不足: 参与比较的轮次 2 < 3(每轮需结算条目 ≥ 3) —— 不判定抬头 | 3
2026-10-02 00:49:39 | 8e80aea60fa2f900 | 20 | 12 | 11 | 样本不足: 参与比较的轮次 2 < 3(每轮需结算条目 ≥ 3) —— 不判定抬头 | 3
2026-10-02 00:54:54 | 34dc80f57d5a6c95 | 20 | 15 | 14 | ★ 窗口内出现高位规避(最高 Round 19 100.0% >= 阈值 50%),按 G5 应停止循环并复盘 —— 最 | 1
2026-10-02 00:55:07 | 34dc80f57d5a6c95 | 20 | 15 | 14 | ★ 窗口内出现高位规避(最高 Round 19 100.0% >= 阈值 50%),按 G5 应停止循环并复盘 —— 最 | 1
2026-10-02 01:04:51 | 5ae3966952745a5d | 21 | 16 | 15 | ★ 窗口内出现高位规避(最高 Round 19 100.0% >= 阈值 50%),按 G5 应停止循环并复盘 —— 最 | 1
2026-10-02 01:05:20 | 4cda14659b22f020 | 21 | 16 | 15 | ★ 窗口内出现高位规避(最高 Round 19 100.0% >= 阈值 50%),按 G5 应停止循环并复盘 —— 最 | 1
2026-10-02 01:05:46 | 4cda14659b22f020 | 21 | 16 | 15 | ★ 窗口内出现高位规避(最高 Round 19 100.0% >= 阈值 50%),按 G5 应停止循环并复盘 —— 最 | 1
2026-10-02 01:06:34 | 4cda14659b22f020 | 21 | 16 | 15 | ★ 窗口内出现高位规避(最高 Round 19 100.0% >= 阈值 50%),按 G5 应停止循环并复盘 —— 最 | 1
2026-10-02 01:09:34 | e895073f5c9d9c26 | 22 | 17 | 16 | ★ 窗口内出现高位规避(最高 Round 19 100.0% >= 阈值 50%),按 G5 应停止循环并复盘 —— 最 | 1
2026-10-02 01:25:33 | 836748c4c01f777c | 23 | 18 | 17 | ★ 窗口内出现高位规避(最高 Round 19 100.0% >= 阈值 50%),按 G5 应停止循环并复盘 —— 最 | 1
2026-10-02 01:26:37 | 836748c4c01f777c | 23 | 18 | 17 | ★ 窗口内出现高位规避(最高 Round 19 100.0% >= 阈值 50%),按 G5 应停止循环并复盘 —— 最 | 1
2026-10-02 01:27:14 | 836748c4c01f777c | 23 | 18 | 17 | ★ 窗口内出现高位规避(最高 Round 19 100.0% >= 阈值 50%),按 G5 应停止循环并复盘 —— 最 | 1
2026-10-02 01:28:02 | 836748c4c01f777c | 23 | 18 | 17 | ★ 窗口内出现高位规避(最高 Round 19 100.0% >= 阈值 50%),按 G5 应停止循环并复盘 —— 最 | 1
2026-10-02 01:28:35 | 836748c4c01f777c | 23 | 18 | 17 | ★ 窗口内出现高位规避(最高 Round 19 100.0% >= 阈值 50%),按 G5 应停止循环并复盘 —— 最 | 1
2026-10-02 01:28:39 | 836748c4c01f777c | 23 | 18 | 17 | ★ 窗口内出现高位规避(最高 Round 19 100.0% >= 阈值 50%),按 G5 应停止循环并复盘 —— 最 | 1
2026-10-02 01:39:04 | 098a7cf52ea2eb48 | 27 | 21 | 20 | ★ 窗口内出现高位规避(最高 Round 20 100.0% >= 阈值 50%),按 G5 应停止循环并复盘 —— 最 | 1
2026-10-02 01:40:09 | 098a7cf52ea2eb48 | 27 | 21 | 20 | ★ 窗口内出现高位规避(最高 Round 20 100.0% >= 阈值 50%),按 G5 应停止循环并复盘 —— 最 | 1
2026-10-02 01:52:05 | d7b3738c9782e0ed | 32 | 26 | 25 | ★ 窗口内出现高位规避(最高 Round 45 100.0% >= 阈值 50%),按 G5 应停止循环并复盘 —— 最 | 1
2026-10-02 01:53:56 | d7b3738c9782e0ed | 32 | 26 | 25 | ★ 窗口内出现高位规避(最高 Round 45 100.0% >= 阈值 50%),按 G5 应停止循环并复盘 —— 最 | 1
2026-10-02 01:54:50 | d7b3738c9782e0ed | 32 | 26 | 25 | ★ 窗口内出现高位规避(最高 Round 45 100.0% >= 阈值 50%),按 G5 应停止循环并复盘 —— 最 | 1
2026-10-02 01:55:14 | d7b3738c9782e0ed | 32 | 26 | 25 | ★ 窗口内出现高位规避(最高 Round 45 100.0% >= 阈值 50%),按 G5 应停止循环并复盘 —— 最 | 1
2026-10-02 01:55:47 | d7b3738c9782e0ed | 32 | 26 | 25 | ★ 窗口内出现高位规避(最高 Round 45 100.0% >= 阈值 50%),按 G5 应停止循环并复盘 —— 最 | 1
2026-10-02 01:55:48 | d7b3738c9782e0ed | 32 | 26 | 25 | ★ 窗口内出现高位规避(最高 Round 45 100.0% >= 阈值 50%),按 G5 应停止循环并复盘 —— 最 | 1
2026-10-02 01:56:02 | d7b3738c9782e0ed | 32 | 26 | 25 | ★ 窗口内出现高位规避(最高 Round 45 100.0% >= 阈值 50%),按 G5 应停止循环并复盘 —— 最 | 1
2026-10-02 01:56:45 | d7b3738c9782e0ed | 32 | 26 | 25 | ★ 窗口内出现高位规避(最高 Round 45 100.0% >= 阈值 50%),按 G5 应停止循环并复盘 —— 最 | 1
2026-10-02 01:57:34 | d7b3738c9782e0ed | 32 | 26 | 25 | ★ 窗口内出现高位规避(最高 Round 45 100.0% >= 阈值 50%),按 G5 应停止循环并复盘 —— 最 | 1
2026-10-02 01:57:37 | d7b3738c9782e0ed | 32 | 26 | 25 | ★ 窗口内出现高位规避(最高 Round 45 100.0% >= 阈值 50%),按 G5 应停止循环并复盘 —— 最 | 1
2026-10-02 01:58:38 | 5e3c6e8d33ae2e7c | 34 | 27 | 26 | ★ 窗口内出现高位规避(最高 Round 45 100.0% >= 阈值 50%),按 G5 应停止循环并复盘 —— 最 | 1
2026-10-02 01:58:48 | 5e3c6e8d33ae2e7c | 34 | 27 | 26 | ★ 窗口内出现高位规避(最高 Round 45 100.0% >= 阈值 50%),按 G5 应停止循环并复盘 —— 最 | 1
2026-10-02 01:58:58 | 5e3c6e8d33ae2e7c | 34 | 27 | 26 | ★ 窗口内出现高位规避(最高 Round 45 100.0% >= 阈值 50%),按 G5 应停止循环并复盘 —— 最 | 1
2026-10-02 01:59:01 | 5e3c6e8d33ae2e7c | 34 | 27 | 26 | ★ 窗口内出现高位规避(最高 Round 45 100.0% >= 阈值 50%),按 G5 应停止循环并复盘 —— 最 | 1
2026-10-02 01:59:04 | 5e3c6e8d33ae2e7c | 34 | 27 | 26 | ★ 窗口内出现高位规避(最高 Round 45 100.0% >= 阈值 50%),按 G5 应停止循环并复盘 —— 最 | 1
2026-10-02 01:59:49 | 5e3c6e8d33ae2e7c | 34 | 27 | 26 | ★ 窗口内出现高位规避(最高 Round 45 100.0% >= 阈值 50%),按 G5 应停止循环并复盘 —— 最 | 1
2026-10-02 02:01:07 | 5e3c6e8d33ae2e7c | 34 | 27 | 26 | ★ 窗口内出现高位规避(最高 Round 45 100.0% >= 阈值 50%),按 G5 应停止循环并复盘 —— 最 | 1
2026-10-02 02:01:10 | 5e3c6e8d33ae2e7c | 34 | 27 | 26 | ★ 窗口内出现高位规避(最高 Round 45 100.0% >= 阈值 50%),按 G5 应停止循环并复盘 —— 最 | 1
2026-10-02 02:03:17 | 5e3c6e8d33ae2e7c | 34 | 27 | 26 | ★ 窗口内出现高位规避(最高 Round 45 100.0% >= 阈值 50%),按 G5 应停止循环并复盘 —— 最 | 1
2026-10-02 02:04:59 | 5e3c6e8d33ae2e7c | 34 | 27 | 26 | ★ 窗口内出现高位规避(最高 Round 45 100.0% >= 阈值 50%),按 G5 应停止循环并复盘 —— 最 | 1
2026-10-02 02:06:12 | 5e3c6e8d33ae2e7c | 34 | 27 | 26 | ★ 窗口内出现高位规避(最高 Round 45 100.0% >= 阈值 50%),按 G5 应停止循环并复盘 —— 最 | 1
2026-10-02 02:07:32 | 5e3c6e8d33ae2e7c | 34 | 27 | 26 | ★ 窗口内出现高位规避(最高 Round 45 100.0% >= 阈值 50%),按 G5 应停止循环并复盘 —— 最 | 1
2026-10-02 02:07:49 | 5e3c6e8d33ae2e7c | 34 | 27 | 26 | ★ 窗口内出现高位规避(最高 Round 45 100.0% >= 阈值 50%),按 G5 应停止循环并复盘 —— 最 | 1
2026-10-02 02:08:12 | 5e3c6e8d33ae2e7c | 34 | 27 | 26 | ★ 窗口内出现高位规避(最高 Round 45 100.0% >= 阈值 50%),按 G5 应停止循环并复盘 —— 最 | 1
2026-10-02 02:08:26 | 5e3c6e8d33ae2e7c | 34 | 27 | 26 | ★ 窗口内出现高位规避(最高 Round 45 100.0% >= 阈值 50%),按 G5 应停止循环并复盘 —— 最 | 1
2026-10-02 02:08:45 | 5e3c6e8d33ae2e7c | 34 | 27 | 26 | ★ 窗口内出现高位规避(最高 Round 45 100.0% >= 阈值 50%),按 G5 应停止循环并复盘 —— 最 | 1
2026-10-02 02:09:55 | 5e3c6e8d33ae2e7c | 34 | 27 | 26 | ★ 窗口内出现高位规避(最高 Round 45 100.0% >= 阈值 50%),按 G5 应停止循环并复盘 —— 最 | 1
2026-10-02 02:13:05 | 0aec8418d4270254 | 34 | 28 | 27 | ★ 窗口内出现高位规避(最高 Round 45 100.0% >= 阈值 50%),按 G5 应停止循环并复盘 —— 最 | 1
2026-10-02 02:13:35 | 0353f6afd5a243e1 | 37 | 31 | 30 | ★ 窗口内出现高位规避(最高 Round 47 100.0% >= 阈值 50%),按 G5 应停止循环并复盘 —— 最 | 1
2026-10-02 02:13:39 | 0353f6afd5a243e1 | 37 | 31 | 30 | ★ 窗口内出现高位规避(最高 Round 47 100.0% >= 阈值 50%),按 G5 应停止循环并复盘 —— 最 | 1
2026-10-02 02:16:37 | 0353f6afd5a243e1 | 37 | 31 | 30 | ★ 窗口内出现高位规避(最高 Round 47 100.0% >= 阈值 50%),按 G5 应停止循环并复盘 —— 最 | 1
2026-10-02 02:16:41 | 0353f6afd5a243e1 | 37 | 31 | 30 | ★ 窗口内出现高位规避(最高 Round 47 100.0% >= 阈值 50%),按 G5 应停止循环并复盘 —— 最 | 1
2026-10-02 02:17:13 | 969fe0b4caa507cc | 39 | 33 | 32 | ★ 窗口内出现高位规避(最高 Round 47 100.0% >= 阈值 50%),按 G5 应停止循环并复盘 —— 最 | 1
2026-10-02 02:17:18 | 969fe0b4caa507cc | 39 | 33 | 32 | ★ 窗口内出现高位规避(最高 Round 47 100.0% >= 阈值 50%),按 G5 应停止循环并复盘 —— 最 | 1
2026-10-02 02:17:18 | 969fe0b4caa507cc | 39 | 33 | 32 | ★ 窗口内出现高位规避(最高 Round 47 100.0% >= 阈值 50%),按 G5 应停止循环并复盘 —— 最 | 1
2026-10-02 02:18:51 | 969fe0b4caa507cc | 39 | 33 | 32 | ★ 窗口内出现高位规避(最高 Round 47 100.0% >= 阈值 50%),按 G5 应停止循环并复盘 —— 最 | 1
2026-10-02 02:18:55 | 969fe0b4caa507cc | 39 | 33 | 32 | ★ 窗口内出现高位规避(最高 Round 47 100.0% >= 阈值 50%),按 G5 应停止循环并复盘 —— 最 | 1
2026-10-02 02:20:02 | 969fe0b4caa507cc | 39 | 33 | 32 | ★ 窗口内出现高位规避(最高 Round 47 100.0% >= 阈值 50%),按 G5 应停止循环并复盘 —— 最 | 1
2026-10-02 02:21:35 | 969fe0b4caa507cc | 39 | 33 | 32 | ★ 窗口内出现高位规避(最高 Round 47 100.0% >= 阈值 50%),按 G5 应停止循环并复盘 —— 最 | 1
2026-10-02 02:22:03 | 969fe0b4caa507cc | 39 | 33 | 32 | ★ 窗口内出现高位规避(最高 Round 47 100.0% >= 阈值 50%),按 G5 应停止循环并复盘 —— 最 | 1
2026-10-02 02:22:30 | 969fe0b4caa507cc | 39 | 33 | 32 | ★ 窗口内出现高位规避(最高 Round 47 100.0% >= 阈值 50%),按 G5 应停止循环并复盘 —— 最 | 1
2026-10-02 02:22:46 | 969fe0b4caa507cc | 39 | 33 | 32 | ★ 窗口内出现高位规避(最高 Round 47 100.0% >= 阈值 50%),按 G5 应停止循环并复盘 —— 最 | 1
2026-10-02 02:23:13 | dae5969fe522ae3d | 39 | 33 | 32 | ★ 窗口内出现高位规避(最高 Round 47 100.0% >= 阈值 50%),按 G5 应停止循环并复盘 —— 最 | 1
2026-10-02 02:24:44 | dae5969fe522ae3d | 39 | 33 | 32 | ★ 窗口内出现高位规避(最高 Round 47 100.0% >= 阈值 50%),按 G5 应停止循环并复盘 —— 最 | 1
2026-10-02 02:25:17 | dae5969fe522ae3d | 39 | 33 | 32 | ★ 窗口内出现高位规避(最高 Round 47 100.0% >= 阈值 50%),按 G5 应停止循环并复盘 —— 最 | 1
2026-10-02 02:26:33 | dae5969fe522ae3d | 39 | 33 | 32 | ★ 窗口内出现高位规避(最高 Round 47 100.0% >= 阈值 50%),按 G5 应停止循环并复盘 —— 最 | 1
2026-10-02 02:26:39 | dae5969fe522ae3d | 39 | 33 | 32 | ★ 窗口内出现高位规避(最高 Round 47 100.0% >= 阈值 50%),按 G5 应停止循环并复盘 —— 最 | 1
2026-10-02 02:28:58 | f1e71d7e4e1e1f51 | 41 | 35 | 34 | ★ 窗口内出现高位规避(最高 Round 47 100.0% >= 阈值 50%),按 G5 应停止循环并复盘 —— 最 | 1
2026-10-02 02:29:18 | f1e71d7e4e1e1f51 | 41 | 35 | 34 | ★ 窗口内出现高位规避(最高 Round 47 100.0% >= 阈值 50%),按 G5 应停止循环并复盘 —— 最 | 1
2026-10-02 02:29:24 | f1e71d7e4e1e1f51 | 41 | 35 | 34 | ★ 窗口内出现高位规避(最高 Round 47 100.0% >= 阈值 50%),按 G5 应停止循环并复盘 —— 最 | 1
2026-10-02 02:38:44 | f1e71d7e4e1e1f51 | 41 | 35 | 34 | ★ 窗口内出现高位规避(最高 Round 47 100.0% >= 阈值 50%),按 G5 应停止循环并复盘 —— 最 | 1
2026-10-02 02:39:43 | f1e71d7e4e1e1f51 | 41 | 35 | 34 | ★ 窗口内出现高位规避(最高 Round 47 100.0% >= 阈值 50%),按 G5 应停止循环并复盘 —— 最 | 1
2026-10-02 02:59:54 | f1e71d7e4e1e1f51 | 41 | 35 | 34 | ★ 窗口内出现高位规避(最高 Round 47 100.0% >= 阈值 50%),按 G5 应停止循环并复盘 —— 最 | 1
2026-10-02 02:59:59 | f1e71d7e4e1e1f51 | 41 | 35 | 34 | ★ 窗口内出现高位规避(最高 Round 47 100.0% >= 阈值 50%),按 G5 应停止循环并复盘 —— 最 | 1
2026-10-02 03:00:59 | 5af6b6e265f473ac | 45 | 39 | 38 | ★ 窗口内出现高位规避(最高 Round 48 100.0% >= 阈值 50%),按 G5 应停止循环并复盘 —— 最 | 1
2026-10-02 03:02:04 | 5af6b6e265f473ac | 45 | 39 | 38 | ★ 窗口内出现高位规避(最高 Round 48 100.0% >= 阈值 50%),按 G5 应停止循环并复盘 —— 最 | 1
2026-10-02 03:02:09 | 5af6b6e265f473ac | 45 | 39 | 38 | ★ 窗口内出现高位规避(最高 Round 48 100.0% >= 阈值 50%),按 G5 应停止循环并复盘 —— 最 | 1
2026-10-02 03:02:27 | 145d5ad911c298c8 | 46 | 40 | 39 | ★ 窗口内出现高位规避(最高 Round 48 100.0% >= 阈值 50%),按 G5 应停止循环并复盘 —— 最 | 1
2026-10-02 03:03:15 | 145d5ad911c298c8 | 46 | 40 | 39 | ★ 窗口内出现高位规避(最高 Round 48 100.0% >= 阈值 50%),按 G5 应停止循环并复盘 —— 最 | 1
2026-10-02 03:03:21 | 145d5ad911c298c8 | 46 | 40 | 39 | ★ 窗口内出现高位规避(最高 Round 48 100.0% >= 阈值 50%),按 G5 应停止循环并复盘 —— 最 | 1
2026-10-02 03:03:26 | 145d5ad911c298c8 | 46 | 40 | 39 | ★ 窗口内出现高位规避(最高 Round 48 100.0% >= 阈值 50%),按 G5 应停止循环并复盘 —— 最 | 1
2026-10-02 03:03:58 | 145d5ad911c298c8 | 46 | 40 | 39 | ★ 窗口内出现高位规避(最高 Round 48 100.0% >= 阈值 50%),按 G5 应停止循环并复盘 —— 最 | 1
2026-10-02 03:06:08 | 145d5ad911c298c8 | 46 | 40 | 39 | ★ 窗口内出现高位规避(最高 Round 48 100.0% >= 阈值 50%),按 G5 应停止循环并复盘 —— 最 | 1
2026-10-02 03:06:14 | 145d5ad911c298c8 | 46 | 40 | 39 | ★ 窗口内出现高位规避(最高 Round 48 100.0% >= 阈值 50%),按 G5 应停止循环并复盘 —— 最 | 1
2026-10-02 03:23:16 | 145d5ad911c298c8 | 46 | 40 | 39 | ★ 窗口内出现高位规避(最高 Round 48 100.0% >= 阈值 50%),按 G5 应停止循环并复盘 —— 最 | 1
2026-10-02 03:23:22 | 145d5ad911c298c8 | 46 | 40 | 39 | ★ 窗口内出现高位规避(最高 Round 48 100.0% >= 阈值 50%),按 G5 应停止循环并复盘 —— 最 | 1
2026-10-02 03:24:17 | d98b4a44d0e54deb | 51 | 45 | 44 | ★ 窗口内出现高位规避(最高 Round 50 100.0% >= 阈值 50%),按 G5 应停止循环并复盘 —— 最 | 1
2026-10-02 03:24:47 | d98b4a44d0e54deb | 51 | 45 | 44 | ★ 窗口内出现高位规避(最高 Round 50 100.0% >= 阈值 50%),按 G5 应停止循环并复盘 —— 最 | 1
2026-10-02 03:24:53 | d98b4a44d0e54deb | 51 | 45 | 44 | ★ 窗口内出现高位规避(最高 Round 50 100.0% >= 阈值 50%),按 G5 应停止循环并复盘 —— 最 | 1
2026-10-02 03:24:58 | d98b4a44d0e54deb | 51 | 45 | 44 | ★ 窗口内出现高位规避(最高 Round 50 100.0% >= 阈值 50%),按 G5 应停止循环并复盘 —— 最 | 1
2026-10-02 03:25:13 | d98b4a44d0e54deb | 51 | 45 | 44 | ★ 窗口内出现高位规避(最高 Round 50 100.0% >= 阈值 50%),按 G5 应停止循环并复盘 —— 最 | 1
2026-10-02 03:25:13 | d98b4a44d0e54deb | 51 | 45 | 44 | ★ 窗口内出现高位规避(最高 Round 50 100.0% >= 阈值 50%),按 G5 应停止循环并复盘 —— 最 | 1
2026-10-02 03:25:14 | d98b4a44d0e54deb | 51 | 45 | 44 | ★ 窗口内出现高位规避(最高 Round 50 100.0% >= 阈值 50%),按 G5 应停止循环并复盘 —— 最 | 1
2026-10-02 03:26:29 | d98b4a44d0e54deb | 51 | 45 | 44 | ★ 窗口内出现高位规避(最高 Round 50 100.0% >= 阈值 50%),按 G5 应停止循环并复盘 —— 最 | 1
2026-10-02 03:26:31 | d98b4a44d0e54deb | 51 | 45 | 44 | ★ 窗口内出现高位规避(最高 Round 50 100.0% >= 阈值 50%),按 G5 应停止循环并复盘 —— 最 | 1
2026-10-02 03:27:02 | d98b4a44d0e54deb | 51 | 45 | 44 | ★ 窗口内出现高位规避(最高 Round 50 100.0% >= 阈值 50%),按 G5 应停止循环并复盘 —— 最 | 1
2026-10-02 03:27:50 | d98b4a44d0e54deb | 51 | 45 | 44 | ★ 窗口内出现高位规避(最高 Round 50 100.0% >= 阈值 50%),按 G5 应停止循环并复盘 —— 最 | 1
2026-10-02 03:27:55 | d98b4a44d0e54deb | 51 | 45 | 44 | ★ 窗口内出现高位规避(最高 Round 50 100.0% >= 阈值 50%),按 G5 应停止循环并复盘 —— 最 | 1
2026-10-02 03:45:42 | 950f9836d738d0f7 | 52 | 46 | 45 | ★ 窗口内出现高位规避(最高 Round 50 100.0% >= 阈值 50%),按 G5 应停止循环并复盘 —— 最 | 1
2026-10-02 03:45:47 | 950f9836d738d0f7 | 52 | 46 | 45 | ★ 窗口内出现高位规避(最高 Round 50 100.0% >= 阈值 50%),按 G5 应停止循环并复盘 —— 最 | 1
2026-10-02 03:46:39 | 950f9836d738d0f7 | 52 | 46 | 45 | ★ 窗口内出现高位规避(最高 Round 50 100.0% >= 阈值 50%),按 G5 应停止循环并复盘 —— 最 | 1
2026-10-02 03:46:44 | 950f9836d738d0f7 | 52 | 46 | 45 | ★ 窗口内出现高位规避(最高 Round 50 100.0% >= 阈值 50%),按 G5 应停止循环并复盘 —— 最 | 1
2026-10-02 03:51:11 | 950f9836d738d0f7 | 52 | 46 | 45 | ★ 窗口内出现高位规避(最高 Round 50 100.0% >= 阈值 50%),按 G5 应停止循环并复盘 —— 最 | 1
2026-10-02 03:51:17 | 950f9836d738d0f7 | 52 | 46 | 45 | ★ 窗口内出现高位规避(最高 Round 50 100.0% >= 阈值 50%),按 G5 应停止循环并复盘 —— 最 | 1
2026-10-02 03:52:05 | 950f9836d738d0f7 | 52 | 46 | 45 | ★ 窗口内出现高位规避(最高 Round 50 100.0% >= 阈值 50%),按 G5 应停止循环并复盘 —— 最 | 1
2026-10-02 03:52:10 | 950f9836d738d0f7 | 52 | 46 | 45 | ★ 窗口内出现高位规避(最高 Round 50 100.0% >= 阈值 50%),按 G5 应停止循环并复盘 —— 最 | 1
2026-10-02 03:53:11 | f17dadaebc5e0cb0 | 53 | 47 | 46 | ★ 窗口内出现高位规避(最高 Round 50 100.0% >= 阈值 50%),按 G5 应停止循环并复盘 —— 最 | 1
2026-10-02 03:53:16 | f17dadaebc5e0cb0 | 53 | 47 | 46 | ★ 窗口内出现高位规避(最高 Round 50 100.0% >= 阈值 50%),按 G5 应停止循环并复盘 —— 最 | 1
2026-10-02 03:59:07 | f17dadaebc5e0cb0 | 53 | 47 | 46 | ★ 窗口内出现高位规避(最高 Round 50 100.0% >= 阈值 50%),按 G5 应停止循环并复盘 —— 最 | 1
2026-10-02 03:59:40 | f17dadaebc5e0cb0 | 53 | 47 | 46 | ★ 窗口内出现高位规避(最高 Round 50 100.0% >= 阈值 50%),按 G5 应停止循环并复盘 —— 最 | 1
2026-10-02 03:59:45 | f17dadaebc5e0cb0 | 53 | 47 | 46 | ★ 窗口内出现高位规避(最高 Round 50 100.0% >= 阈值 50%),按 G5 应停止循环并复盘 —— 最 | 1
2026-10-02 15:23:09 | f17dadaebc5e0cb0 | 53 | 47 | 46 | ★ 窗口内出现高位规避(最高 Round 50 100.0% >= 阈值 50%),按 G5 应停止循环并复盘 —— 最 | 1
2026-10-02 15:23:14 | f17dadaebc5e0cb0 | 53 | 47 | 46 | ★ 窗口内出现高位规避(最高 Round 50 100.0% >= 阈值 50%),按 G5 应停止循环并复盘 —— 最 | 1
2026-10-02 15:32:04 | f17dadaebc5e0cb0 | 53 | 47 | 46 | ★ 窗口内出现高位规避(最高 Round 50 100.0% >= 阈值 50%),按 G5 应停止循环并复盘 —— 最 | 1
2026-10-02 15:32:22 | f17dadaebc5e0cb0 | 53 | 47 | 46 | ★ 窗口内出现高位规避(最高 Round 50 100.0% >= 阈值 50%),按 G5 应停止循环并复盘 —— 最 | 1
2026-10-02 15:32:27 | f17dadaebc5e0cb0 | 53 | 47 | 46 | ★ 窗口内出现高位规避(最高 Round 50 100.0% >= 阈值 50%),按 G5 应停止循环并复盘 —— 最 | 1
2026-10-02 15:37:48 | f17dadaebc5e0cb0 | 53 | 47 | 46 | ★ 窗口内出现高位规避(最高 Round 50 100.0% >= 阈值 50%),按 G5 应停止循环并复盘 —— 最 | 1
2026-10-02 15:37:53 | f17dadaebc5e0cb0 | 53 | 47 | 46 | ★ 窗口内出现高位规避(最高 Round 50 100.0% >= 阈值 50%),按 G5 应停止循环并复盘 —— 最 | 1
2026-10-02 15:39:36 | 2f7f14c737f9c178 | 56 | 50 | 49 | ★ 窗口内出现高位规避(最高 Round 53 100.0% >= 阈值 50%),按 G5 应停止循环并复盘 —— 最 | 1
2026-10-02 15:39:38 | 2f7f14c737f9c178 | 56 | 50 | 49 | ★ 窗口内出现高位规避(最高 Round 53 100.0% >= 阈值 50%),按 G5 应停止循环并复盘 —— 最 | 1
2026-10-02 15:40:25 | 2f7f14c737f9c178 | 56 | 50 | 49 | ★ 窗口内出现高位规避(最高 Round 53 100.0% >= 阈值 50%),按 G5 应停止循环并复盘 —— 最 | 1
2026-10-02 15:40:30 | 2f7f14c737f9c178 | 56 | 50 | 49 | ★ 窗口内出现高位规避(最高 Round 53 100.0% >= 阈值 50%),按 G5 应停止循环并复盘 —— 最 | 1
2026-10-02 15:41:30 | b4df8aa82e91094d | 57 | 51 | 50 | ★ 窗口内出现高位规避(最高 Round 53 100.0% >= 阈值 50%),按 G5 应停止循环并复盘 —— 最 | 1
2026-10-02 15:41:35 | b4df8aa82e91094d | 57 | 51 | 50 | ★ 窗口内出现高位规避(最高 Round 53 100.0% >= 阈值 50%),按 G5 应停止循环并复盘 —— 最 | 1
2026-10-02 15:42:12 | b4df8aa82e91094d | 57 | 51 | 50 | ★ 窗口内出现高位规避(最高 Round 53 100.0% >= 阈值 50%),按 G5 应停止循环并复盘 —— 最 | 1
2026-10-02 15:42:17 | b4df8aa82e91094d | 57 | 51 | 50 | ★ 窗口内出现高位规避(最高 Round 53 100.0% >= 阈值 50%),按 G5 应停止循环并复盘 —— 最 | 1
2026-10-02 15:42:51 | b4df8aa82e91094d | 57 | 51 | 50 | ★ 窗口内出现高位规避(最高 Round 53 100.0% >= 阈值 50%),按 G5 应停止循环并复盘 —— 最 | 1
2026-10-02 15:42:56 | b4df8aa82e91094d | 57 | 51 | 50 | ★ 窗口内出现高位规避(最高 Round 53 100.0% >= 阈值 50%),按 G5 应停止循环并复盘 —— 最 | 1
2026-10-02 15:44:40 | b4df8aa82e91094d | 57 | 51 | 50 | ★ 窗口内出现高位规避(最高 Round 53 100.0% >= 阈值 50%),按 G5 应停止循环并复盘 —— 最 | 1
2026-10-02 15:44:46 | b4df8aa82e91094d | 57 | 51 | 50 | ★ 窗口内出现高位规避(最高 Round 53 100.0% >= 阈值 50%),按 G5 应停止循环并复盘 —— 最 | 1
2026-10-02 15:53:37 | b4df8aa82e91094d | 57 | 51 | 50 | ★ 窗口内出现高位规避(最高 Round 53 100.0% >= 阈值 50%),按 G5 应停止循环并复盘 —— 最 | 1
2026-10-02 15:53:46 | b4df8aa82e91094d | 57 | 51 | 50 | ★ 窗口内出现高位规避(最高 Round 53 100.0% >= 阈值 50%),按 G5 应停止循环并复盘 —— 最 | 1
2026-10-02 15:53:52 | b4df8aa82e91094d | 57 | 51 | 50 | ★ 窗口内出现高位规避(最高 Round 53 100.0% >= 阈值 50%),按 G5 应停止循环并复盘 —— 最 | 1
2026-10-02 15:58:04 | b4df8aa82e91094d | 57 | 51 | 50 | ★ 窗口内出现高位规避(最高 Round 53 100.0% >= 阈值 50%),按 G5 应停止循环并复盘 —— 最 | 1
2026-10-02 15:58:11 | b4df8aa82e91094d | 57 | 51 | 50 | ★ 窗口内出现高位规避(最高 Round 53 100.0% >= 阈值 50%),按 G5 应停止循环并复盘 —— 最 | 1
2026-10-02 15:59:46 | f59665e9b9244277 | 60 | 54 | 53 | ★ 窗口内出现高位规避(最高 Round 54 100.0% >= 阈值 50%),按 G5 应停止循环并复盘 —— 最 | 1
2026-10-02 15:59:52 | f59665e9b9244277 | 60 | 54 | 53 | ★ 窗口内出现高位规避(最高 Round 54 100.0% >= 阈值 50%),按 G5 应停止循环并复盘 —— 最 | 1
2026-10-02 16:00:35 | f59665e9b9244277 | 60 | 54 | 53 | ★ 窗口内出现高位规避(最高 Round 54 100.0% >= 阈值 50%),按 G5 应停止循环并复盘 —— 最 | 1
2026-10-02 16:00:41 | f59665e9b9244277 | 60 | 54 | 53 | ★ 窗口内出现高位规避(最高 Round 54 100.0% >= 阈值 50%),按 G5 应停止循环并复盘 —— 最 | 1
2026-10-02 16:02:12 | f59665e9b9244277 | 60 | 54 | 53 | ★ 窗口内出现高位规避(最高 Round 54 100.0% >= 阈值 50%),按 G5 应停止循环并复盘 —— 最 | 1
2026-10-02 16:02:34 | f59665e9b9244277 | 60 | 54 | 53 | ★ 窗口内出现高位规避(最高 Round 54 100.0% >= 阈值 50%),按 G5 应停止循环并复盘 —— 最 | 1
2026-10-02 16:05:08 | f59665e9b9244277 | 60 | 54 | 53 | ★ 窗口内出现高位规避(最高 Round 54 100.0% >= 阈值 50%),按 G5 应停止循环并复盘 —— 最 | 1
2026-10-02 16:05:17 | f59665e9b9244277 | 60 | 54 | 53 | ★ 窗口内出现高位规避(最高 Round 54 100.0% >= 阈值 50%),按 G5 应停止循环并复盘 —— 最 | 1
2026-10-02 16:06:37 | f59665e9b9244277 | 60 | 54 | 53 | ★ 窗口内出现高位规避(最高 Round 54 100.0% >= 阈值 50%),按 G5 应停止循环并复盘 —— 最 | 1
2026-10-02 16:06:45 | f59665e9b9244277 | 60 | 54 | 53 | ★ 窗口内出现高位规避(最高 Round 54 100.0% >= 阈值 50%),按 G5 应停止循环并复盘 —— 最 | 1
2026-10-02 16:07:09 | f59665e9b9244277 | 60 | 54 | 53 | ★ 窗口内出现高位规避(最高 Round 54 100.0% >= 阈值 50%),按 G5 应停止循环并复盘 —— 最 | 1
2026-10-02 16:09:23 | f59665e9b9244277 | 60 | 54 | 53 | ★ 窗口内出现高位规避(最高 Round 54 100.0% >= 阈值 50%),按 G5 应停止循环并复盘 —— 最 | 1
2026-10-02 16:09:31 | f59665e9b9244277 | 60 | 54 | 53 | ★ 窗口内出现高位规避(最高 Round 54 100.0% >= 阈值 50%),按 G5 应停止循环并复盘 —— 最 | 1
2026-10-02 16:10:36 | f59665e9b9244277 | 60 | 54 | 53 | ★ 窗口内出现高位规避(最高 Round 54 100.0% >= 阈值 50%),按 G5 应停止循环并复盘 —— 最 | 1
2026-10-02 16:10:43 | f59665e9b9244277 | 60 | 54 | 53 | ★ 窗口内出现高位规避(最高 Round 54 100.0% >= 阈值 50%),按 G5 应停止循环并复盘 —— 最 | 1
2026-10-02 16:11:56 | f59665e9b9244277 | 60 | 54 | 53 | ★ 窗口内出现高位规避(最高 Round 54 100.0% >= 阈值 50%),按 G5 应停止循环并复盘 —— 最 | 1
2026-10-02 16:12:03 | f59665e9b9244277 | 60 | 54 | 53 | ★ 窗口内出现高位规避(最高 Round 54 100.0% >= 阈值 50%),按 G5 应停止循环并复盘 —— 最 | 1
2026-10-02 16:25:05 | 629e8394a644c845 | 62 | 56 | 55 | ★ 窗口内出现高位规避(最高 Round 54 100.0% >= 阈值 50%),按 G5 应停止循环并复盘 —— 最 | 1
2026-10-02 16:25:13 | 629e8394a644c845 | 62 | 56 | 55 | ★ 窗口内出现高位规避(最高 Round 54 100.0% >= 阈值 50%),按 G5 应停止循环并复盘 —— 最 | 1
2026-10-02 16:54:46 | 629e8394a644c845 | 62 | 56 | 55 | ★ 窗口内出现高位规避(最高 Round 54 100.0% >= 阈值 50%),按 G5 应停止循环并复盘 —— 最 | 1
2026-10-02 16:54:54 | 629e8394a644c845 | 62 | 56 | 55 | ★ 窗口内出现高位规避(最高 Round 54 100.0% >= 阈值 50%),按 G5 应停止循环并复盘 —— 最 | 1
2026-10-02 16:59:27 | 629e8394a644c845 | 62 | 56 | 55 | ★ 窗口内出现高位规避(最高 Round 54 100.0% >= 阈值 50%),按 G5 应停止循环并复盘 —— 最 | 1
2026-10-02 16:59:33 | 629e8394a644c845 | 62 | 56 | 55 | ★ 窗口内出现高位规避(最高 Round 54 100.0% >= 阈值 50%),按 G5 应停止循环并复盘 —— 最 | 1
2026-10-02 17:14:15 | a2e5bfbd3054a159 | 70 | 64 | 63 | ★ 窗口内出现高位规避(最高 Round 58 100.0% >= 阈值 50%),按 G5 应停止循环并复盘 —— 最 | 1
2026-10-02 17:14:22 | a2e5bfbd3054a159 | 70 | 64 | 63 | ★ 窗口内出现高位规避(最高 Round 58 100.0% >= 阈值 50%),按 G5 应停止循环并复盘 —— 最 | 1
2026-10-02 17:16:29 | deb841621213c982 | 70 | 64 | 63 | ★ 窗口内出现高位规避(最高 Round 58 100.0% >= 阈值 50%),按 G5 应停止循环并复盘 —— 最 | 1
2026-10-02 17:16:38 | deb841621213c982 | 70 | 64 | 63 | ★ 窗口内出现高位规避(最高 Round 58 100.0% >= 阈值 50%),按 G5 应停止循环并复盘 —— 最 | 1
2026-10-02 17:17:09 | deb841621213c982 | 70 | 64 | 63 | ★ 窗口内出现高位规避(最高 Round 58 100.0% >= 阈值 50%),按 G5 应停止循环并复盘 —— 最 | 1
2026-10-02 17:18:06 | deb841621213c982 | 70 | 64 | 63 | ★ 窗口内出现高位规避(最高 Round 58 100.0% >= 阈值 50%),按 G5 应停止循环并复盘 —— 最 | 1
2026-10-02 17:18:13 | deb841621213c982 | 70 | 64 | 63 | ★ 窗口内出现高位规避(最高 Round 58 100.0% >= 阈值 50%),按 G5 应停止循环并复盘 —— 最 | 1
2026-10-02 17:19:10 | deb841621213c982 | 70 | 64 | 63 | ★ 窗口内出现高位规避(最高 Round 58 100.0% >= 阈值 50%),按 G5 应停止循环并复盘 —— 最 | 1
2026-10-02 17:19:17 | deb841621213c982 | 70 | 64 | 63 | ★ 窗口内出现高位规避(最高 Round 58 100.0% >= 阈值 50%),按 G5 应停止循环并复盘 —— 最 | 1
2026-10-02 17:22:52 | deb841621213c982 | 70 | 64 | 63 | ★ 窗口内出现高位规避(最高 Round 58 100.0% >= 阈值 50%),按 G5 应停止循环并复盘 —— 最 | 1
2026-10-02 17:24:39 | deb841621213c982 | 70 | 64 | 63 | ★ 窗口内出现高位规避(最高 Round 58 100.0% >= 阈值 50%),按 G5 应停止循环并复盘 —— 最 | 1
2026-10-02 17:24:46 | deb841621213c982 | 70 | 64 | 63 | ★ 窗口内出现高位规避(最高 Round 58 100.0% >= 阈值 50%),按 G5 应停止循环并复盘 —— 最 | 1
2026-10-02 17:40:11 | deb841621213c982 | 70 | 64 | 63 | ★ 窗口内出现高位规避(最高 Round 58 100.0% >= 阈值 50%),按 G5 应停止循环并复盘 —— 最 | 1
2026-10-02 17:40:18 | deb841621213c982 | 70 | 64 | 63 | ★ 窗口内出现高位规避(最高 Round 58 100.0% >= 阈值 50%),按 G5 应停止循环并复盘 —— 最 | 1
2026-10-02 17:54:00 | deb841621213c982 | 70 | 64 | 63 | ★ 窗口内出现高位规避(最高 Round 58 100.0% >= 阈值 50%),按 G5 应停止循环并复盘 —— 最 | 1
2026-10-02 17:54:07 | deb841621213c982 | 70 | 64 | 63 | ★ 窗口内出现高位规避(最高 Round 58 100.0% >= 阈值 50%),按 G5 应停止循环并复盘 —— 最 | 1
2026-10-02 17:57:39 | c772edd8b8b2920a | 76 | 70 | 69 | ★ 窗口内出现高位规避(最高 Round 59 100.0% >= 阈值 50%),按 G5 应停止循环并复盘 —— 最 | 1
2026-10-02 17:57:45 | c772edd8b8b2920a | 76 | 70 | 69 | ★ 窗口内出现高位规避(最高 Round 59 100.0% >= 阈值 50%),按 G5 应停止循环并复盘 —— 最 | 1
2026-10-02 17:58:59 | c772edd8b8b2920a | 76 | 70 | 69 | ★ 窗口内出现高位规避(最高 Round 59 100.0% >= 阈值 50%),按 G5 应停止循环并复盘 —— 最 | 1
2026-10-02 17:59:07 | c772edd8b8b2920a | 76 | 70 | 69 | ★ 窗口内出现高位规避(最高 Round 59 100.0% >= 阈值 50%),按 G5 应停止循环并复盘 —— 最 | 1
2026-10-02 18:11:39 | c772edd8b8b2920a | 76 | 70 | 69 | ★ 窗口内出现高位规避(最高 Round 59 100.0% >= 阈值 50%),按 G5 应停止循环并复盘 —— 最 | 1
2026-10-02 18:11:46 | c772edd8b8b2920a | 76 | 70 | 69 | ★ 窗口内出现高位规避(最高 Round 59 100.0% >= 阈值 50%),按 G5 应停止循环并复盘 —— 最 | 1
2026-10-02 18:26:08 | 80be705c2303ecb5 | 83 | 77 | 76 | ★ 窗口内出现高位规避(最高 Round 61 100.0% >= 阈值 50%),按 G5 应停止循环并复盘 —— 最 | 1
2026-10-02 18:26:14 | 80be705c2303ecb5 | 83 | 77 | 76 | ★ 窗口内出现高位规避(最高 Round 61 100.0% >= 阈值 50%),按 G5 应停止循环并复盘 —— 最 | 1
2026-10-02 18:27:01 | 80be705c2303ecb5 | 83 | 77 | 76 | ★ 窗口内出现高位规避(最高 Round 61 100.0% >= 阈值 50%),按 G5 应停止循环并复盘 —— 最 | 1
2026-10-02 18:27:08 | 80be705c2303ecb5 | 83 | 77 | 76 | ★ 窗口内出现高位规避(最高 Round 61 100.0% >= 阈值 50%),按 G5 应停止循环并复盘 —— 最 | 1
2026-10-02 18:27:55 | 80be705c2303ecb5 | 83 | 77 | 76 | ★ 窗口内出现高位规避(最高 Round 61 100.0% >= 阈值 50%),按 G5 应停止循环并复盘 —— 最 | 1
2026-10-02 18:28:02 | 80be705c2303ecb5 | 83 | 77 | 76 | ★ 窗口内出现高位规避(最高 Round 61 100.0% >= 阈值 50%),按 G5 应停止循环并复盘 —— 最 | 1
2026-10-02 18:34:08 | 80be705c2303ecb5 | 83 | 77 | 76 | ★ 窗口内出现高位规避(最高 Round 61 100.0% >= 阈值 50%),按 G5 应停止循环并复盘 —— 最 | 1
2026-10-02 18:34:16 | 80be705c2303ecb5 | 83 | 77 | 76 | ★ 窗口内出现高位规避(最高 Round 61 100.0% >= 阈值 50%),按 G5 应停止循环并复盘 —— 最 | 1
2026-10-02 18:40:51 | f3f1741ad9176353 | 88 | 82 | 81 | ★ 窗口内出现高位规避(最高 Round 62 100.0% >= 阈值 50%),按 G5 应停止循环并复盘 —— 最 | 1
2026-10-02 18:40:58 | f3f1741ad9176353 | 88 | 82 | 81 | ★ 窗口内出现高位规避(最高 Round 62 100.0% >= 阈值 50%),按 G5 应停止循环并复盘 —— 最 | 1
2026-10-02 18:49:43 | 05e5b032fc54475d | 91 | 85 | 84 | ★ 窗口内出现高位规避(最高 Round 62 100.0% >= 阈值 50%),按 G5 应停止循环并复盘 —— 最 | 1
2026-10-02 18:49:50 | 05e5b032fc54475d | 91 | 85 | 84 | ★ 窗口内出现高位规避(最高 Round 62 100.0% >= 阈值 50%),按 G5 应停止循环并复盘 —— 最 | 1
2026-10-02 18:51:01 | 05e5b032fc54475d | 91 | 85 | 84 | ★ 窗口内出现高位规避(最高 Round 62 100.0% >= 阈值 50%),按 G5 应停止循环并复盘 —— 最 | 1
2026-10-02 18:51:07 | 05e5b032fc54475d | 91 | 85 | 84 | ★ 窗口内出现高位规避(最高 Round 62 100.0% >= 阈值 50%),按 G5 应停止循环并复盘 —— 最 | 1
2026-10-02 18:55:16 | 05e5b032fc54475d | 91 | 85 | 84 | ★ 窗口内出现高位规避(最高 Round 62 100.0% >= 阈值 50%),按 G5 应停止循环并复盘 —— 最 | 1
2026-10-02 18:55:23 | 05e5b032fc54475d | 91 | 85 | 84 | ★ 窗口内出现高位规避(最高 Round 62 100.0% >= 阈值 50%),按 G5 应停止循环并复盘 —— 最 | 1
2026-10-02 19:05:37 | 24371f2d52d1c9a3 | 96 | 90 | 89 | ★ 窗口内出现高位规避(最高 Round 63 100.0% >= 阈值 50%),按 G5 应停止循环并复盘 —— 最 | 1
2026-10-02 19:05:40 | 24371f2d52d1c9a3 | 96 | 90 | 89 | ★ 窗口内出现高位规避(最高 Round 63 100.0% >= 阈值 50%),按 G5 应停止循环并复盘 —— 最 | 1
2026-10-02 19:06:11 | 24371f2d52d1c9a3 | 96 | 90 | 89 | ★ 窗口内出现高位规避(最高 Round 63 100.0% >= 阈值 50%),按 G5 应停止循环并复盘 —— 最 | 1
2026-10-02 19:07:14 | 24371f2d52d1c9a3 | 96 | 90 | 89 | ★ 窗口内出现高位规避(最高 Round 63 100.0% >= 阈值 50%),按 G5 应停止循环并复盘 —— 最 | 1
2026-10-02 19:07:21 | 24371f2d52d1c9a3 | 96 | 90 | 89 | ★ 窗口内出现高位规避(最高 Round 63 100.0% >= 阈值 50%),按 G5 应停止循环并复盘 —— 最 | 1
2026-10-02 19:08:27 | 24371f2d52d1c9a3 | 96 | 90 | 89 | ★ 窗口内出现高位规避(最高 Round 63 100.0% >= 阈值 50%),按 G5 应停止循环并复盘 —— 最 | 1
2026-10-02 19:08:33 | 24371f2d52d1c9a3 | 96 | 90 | 89 | ★ 窗口内出现高位规避(最高 Round 63 100.0% >= 阈值 50%),按 G5 应停止循环并复盘 —— 最 | 1
2026-10-02 19:12:03 | 24371f2d52d1c9a3 | 96 | 90 | 89 | ★ 窗口内出现高位规避(最高 Round 63 100.0% >= 阈值 50%),按 G5 应停止循环并复盘 —— 最 | 1
2026-10-02 19:12:10 | 24371f2d52d1c9a3 | 96 | 90 | 89 | ★ 窗口内出现高位规避(最高 Round 63 100.0% >= 阈值 50%),按 G5 应停止循环并复盘 —— 最 | 1
2026-10-02 19:25:00 | a55eb71e66883172 | 102 | 96 | 95 | ★ 窗口内出现高位规避(最高 Round 64 100.0% >= 阈值 50%),按 G5 应停止循环并复盘 —— 最 | 1
2026-10-02 19:25:03 | a55eb71e66883172 | 102 | 96 | 95 | ★ 窗口内出现高位规避(最高 Round 64 100.0% >= 阈值 50%),按 G5 应停止循环并复盘 —— 最 | 1
2026-10-02 19:25:39 | a55eb71e66883172 | 102 | 96 | 95 | ★ 窗口内出现高位规避(最高 Round 64 100.0% >= 阈值 50%),按 G5 应停止循环并复盘 —— 最 | 1
2026-10-02 19:27:20 | a55eb71e66883172 | 102 | 96 | 95 | ★ 窗口内出现高位规避(最高 Round 64 100.0% >= 阈值 50%),按 G5 应停止循环并复盘 —— 最 | 1
2026-10-02 19:27:26 | a55eb71e66883172 | 102 | 96 | 95 | ★ 窗口内出现高位规避(最高 Round 64 100.0% >= 阈值 50%),按 G5 应停止循环并复盘 —— 最 | 1
2026-10-02 19:28:22 | a55eb71e66883172 | 102 | 96 | 95 | ★ 窗口内出现高位规避(最高 Round 64 100.0% >= 阈值 50%),按 G5 应停止循环并复盘 —— 最 | 1
2026-10-02 19:28:31 | a55eb71e66883172 | 102 | 96 | 95 | ★ 窗口内出现高位规避(最高 Round 64 100.0% >= 阈值 50%),按 G5 应停止循环并复盘 —— 最 | 1
2026-10-02 19:29:44 | a55eb71e66883172 | 102 | 96 | 95 | ★ 窗口内出现高位规避(最高 Round 64 100.0% >= 阈值 50%),按 G5 应停止循环并复盘 —— 最 | 1
2026-10-02 19:32:14 | a55eb71e66883172 | 102 | 96 | 95 | ★ 窗口内出现高位规避(最高 Round 64 100.0% >= 阈值 50%),按 G5 应停止循环并复盘 —— 最 | 1
2026-10-02 19:33:46 | a55eb71e66883172 | 102 | 96 | 95 | ★ 窗口内出现高位规避(最高 Round 64 100.0% >= 阈值 50%),按 G5 应停止循环并复盘 —— 最 | 1
2026-10-02 19:33:50 | a55eb71e66883172 | 102 | 96 | 95 | ★ 窗口内出现高位规避(最高 Round 64 100.0% >= 阈值 50%),按 G5 应停止循环并复盘 —— 最 | 1
2026-10-02 19:34:52 | a55eb71e66883172 | 102 | 96 | 95 | ★ 窗口内出现高位规避(最高 Round 64 100.0% >= 阈值 50%),按 G5 应停止循环并复盘 —— 最 | 1
2026-10-02 19:34:56 | ec0b12b0a083fe01 | 105 | 99 | 98 | ★ 窗口内出现高位规避(最高 Round 65 100.0% >= 阈值 50%),按 G5 应停止循环并复盘 —— 最 | 1
2026-10-02 19:34:58 | ec0b12b0a083fe01 | 105 | 99 | 98 | ★ 窗口内出现高位规避(最高 Round 65 100.0% >= 阈值 50%),按 G5 应停止循环并复盘 —— 最 | 1
2026-10-02 19:35:42 | ec0b12b0a083fe01 | 105 | 99 | 98 | ★ 窗口内出现高位规避(最高 Round 65 100.0% >= 阈值 50%),按 G5 应停止循环并复盘 —— 最 | 1
2026-10-02 19:37:43 | ec0b12b0a083fe01 | 105 | 99 | 98 | ★ 窗口内出现高位规避(最高 Round 65 100.0% >= 阈值 50%),按 G5 应停止循环并复盘 —— 最 | 1
2026-10-02 19:37:49 | ec0b12b0a083fe01 | 105 | 99 | 98 | ★ 窗口内出现高位规避(最高 Round 65 100.0% >= 阈值 50%),按 G5 应停止循环并复盘 —— 最 | 1
2026-10-02 19:38:57 | ec0b12b0a083fe01 | 105 | 99 | 98 | ★ 窗口内出现高位规避(最高 Round 65 100.0% >= 阈值 50%),按 G5 应停止循环并复盘 —— 最 | 1
2026-10-02 19:39:04 | ec0b12b0a083fe01 | 105 | 99 | 98 | ★ 窗口内出现高位规避(最高 Round 65 100.0% >= 阈值 50%),按 G5 应停止循环并复盘 —— 最 | 1
2026-10-02 19:40:59 | ec0b12b0a083fe01 | 105 | 99 | 98 | ★ 窗口内出现高位规避(最高 Round 65 100.0% >= 阈值 50%),按 G5 应停止循环并复盘 —— 最 | 1
2026-10-02 19:44:49 | ec0b12b0a083fe01 | 105 | 99 | 98 | ★ 窗口内出现高位规避(最高 Round 65 100.0% >= 阈值 50%),按 G5 应停止循环并复盘 —— 最 | 1
2026-10-02 19:44:52 | ec0b12b0a083fe01 | 105 | 99 | 98 | ★ 窗口内出现高位规避(最高 Round 65 100.0% >= 阈值 50%),按 G5 应停止循环并复盘 —— 最 | 1
2026-10-02 19:45:28 | ec0b12b0a083fe01 | 105 | 99 | 98 | ★ 窗口内出现高位规避(最高 Round 65 100.0% >= 阈值 50%),按 G5 应停止循环并复盘 —— 最 | 1
2026-10-02 19:47:32 | d68aff36f39bc68e | 109 | 103 | 102 | ★ 窗口内出现高位规避(最高 Round 65 100.0% >= 阈值 50%),按 G5 应停止循环并复盘 —— 最 | 1
2026-10-02 19:47:40 | d68aff36f39bc68e | 109 | 103 | 102 | ★ 窗口内出现高位规避(最高 Round 65 100.0% >= 阈值 50%),按 G5 应停止循环并复盘 —— 最 | 1
2026-10-02 19:48:36 | d68aff36f39bc68e | 109 | 103 | 102 | ★ 窗口内出现高位规避(最高 Round 65 100.0% >= 阈值 50%),按 G5 应停止循环并复盘 —— 最 | 1
2026-10-02 19:48:43 | d68aff36f39bc68e | 109 | 103 | 102 | ★ 窗口内出现高位规避(最高 Round 65 100.0% >= 阈值 50%),按 G5 应停止循环并复盘 —— 最 | 1
2026-10-02 19:49:07 | d68aff36f39bc68e | 109 | 103 | 102 | ★ 窗口内出现高位规避(最高 Round 65 100.0% >= 阈值 50%),按 G5 应停止循环并复盘 —— 最 | 1
2026-10-02 19:50:06 | d68aff36f39bc68e | 109 | 103 | 102 | ★ 窗口内出现高位规避(最高 Round 65 100.0% >= 阈值 50%),按 G5 应停止循环并复盘 —— 最 | 1
2026-10-02 19:50:15 | d68aff36f39bc68e | 109 | 103 | 102 | ★ 窗口内出现高位规避(最高 Round 65 100.0% >= 阈值 50%),按 G5 应停止循环并复盘 —— 最 | 1
2026-10-02 19:54:38 | 99956335f0624d72 | 110 | 104 | 103 | ★ 窗口内出现高位规避(最高 Round 65 100.0% >= 阈值 50%),按 G5 应停止循环并复盘 —— 最 | 1
2026-10-02 19:54:45 | 99956335f0624d72 | 110 | 104 | 103 | ★ 窗口内出现高位规避(最高 Round 65 100.0% >= 阈值 50%),按 G5 应停止循环并复盘 —— 最 | 1
2026-10-02 19:55:46 | 99956335f0624d72 | 110 | 104 | 103 | ★ 窗口内出现高位规避(最高 Round 65 100.0% >= 阈值 50%),按 G5 应停止循环并复盘 —— 最 | 1
2026-10-02 19:55:52 | 99956335f0624d72 | 110 | 104 | 103 | ★ 窗口内出现高位规避(最高 Round 65 100.0% >= 阈值 50%),按 G5 应停止循环并复盘 —— 最 | 1
2026-10-02 19:56:44 | 99956335f0624d72 | 110 | 104 | 103 | ★ 窗口内出现高位规避(最高 Round 65 100.0% >= 阈值 50%),按 G5 应停止循环并复盘 —— 最 | 1
2026-10-02 19:56:51 | 99956335f0624d72 | 110 | 104 | 103 | ★ 窗口内出现高位规避(最高 Round 65 100.0% >= 阈值 50%),按 G5 应停止循环并复盘 —— 最 | 1
2026-10-02 20:01:44 | 99956335f0624d72 | 110 | 104 | 103 | ★ 窗口内出现高位规避(最高 Round 65 100.0% >= 阈值 50%),按 G5 应停止循环并复盘 —— 最 | 1
2026-10-02 20:03:05 | 99956335f0624d72 | 110 | 104 | 103 | ★ 窗口内出现高位规避(最高 Round 65 100.0% >= 阈值 50%),按 G5 应停止循环并复盘 —— 最 | 1
2026-10-02 20:03:13 | 99956335f0624d72 | 110 | 104 | 103 | ★ 窗口内出现高位规避(最高 Round 65 100.0% >= 阈值 50%),按 G5 应停止循环并复盘 —— 最 | 1
2026-10-02 20:06:02 | d801e1ec55b36aeb | 114 | 108 | 107 | ★ 窗口内出现高位规避(最高 Round 66 100.0% >= 阈值 50%),按 G5 应停止循环并复盘 —— 最 | 1
2026-10-02 20:06:09 | d801e1ec55b36aeb | 114 | 108 | 107 | ★ 窗口内出现高位规避(最高 Round 66 100.0% >= 阈值 50%),按 G5 应停止循环并复盘 —— 最 | 1
2026-10-02 20:07:25 | d801e1ec55b36aeb | 114 | 108 | 107 | ★ 窗口内出现高位规避(最高 Round 66 100.0% >= 阈值 50%),按 G5 应停止循环并复盘 —— 最 | 1
2026-10-02 20:07:32 | d801e1ec55b36aeb | 114 | 108 | 107 | ★ 窗口内出现高位规避(最高 Round 66 100.0% >= 阈值 50%),按 G5 应停止循环并复盘 —— 最 | 1
2026-10-02 20:23:28 | 0bea4780c16dfd1a | 119 | 113 | 112 | ★ 窗口内出现高位规避(最高 Round 66 100.0% >= 阈值 50%),按 G5 应停止循环并复盘 —— 最 | 1
2026-10-02 20:24:15 | 0bea4780c16dfd1a | 119 | 113 | 112 | ★ 窗口内出现高位规避(最高 Round 66 100.0% >= 阈值 50%),按 G5 应停止循环并复盘 —— 最 | 1
2026-10-02 20:24:21 | 0bea4780c16dfd1a | 119 | 113 | 112 | ★ 窗口内出现高位规避(最高 Round 66 100.0% >= 阈值 50%),按 G5 应停止循环并复盘 —— 最 | 1
2026-10-02 20:25:21 | 0bea4780c16dfd1a | 119 | 113 | 112 | ★ 窗口内出现高位规避(最高 Round 66 100.0% >= 阈值 50%),按 G5 应停止循环并复盘 —— 最 | 1
2026-10-02 20:25:27 | 0bea4780c16dfd1a | 119 | 113 | 112 | ★ 窗口内出现高位规避(最高 Round 66 100.0% >= 阈值 50%),按 G5 应停止循环并复盘 —— 最 | 1
2026-10-02 20:27:30 | 0bea4780c16dfd1a | 119 | 113 | 112 | ★ 窗口内出现高位规避(最高 Round 66 100.0% >= 阈值 50%),按 G5 应停止循环并复盘 —— 最 | 1
2026-10-02 20:28:11 | 0bea4780c16dfd1a | 119 | 113 | 112 | ★ 窗口内出现高位规避(最高 Round 66 100.0% >= 阈值 50%),按 G5 应停止循环并复盘 —— 最 | 1
2026-10-02 20:28:17 | 0bea4780c16dfd1a | 119 | 113 | 112 | ★ 窗口内出现高位规避(最高 Round 66 100.0% >= 阈值 50%),按 G5 应停止循环并复盘 —— 最 | 1
2026-10-02 20:50:39 | bcf750f34dbe7728 | 122 | 116 | 115 | ★ 窗口内出现高位规避(最高 Round 67 100.0% >= 阈值 50%),按 G5 应停止循环并复盘 —— 最 | 1
2026-10-02 20:59:29 | bcf750f34dbe7728 | 122 | 116 | 115 | ★ 窗口内出现高位规避(最高 Round 67 100.0% >= 阈值 50%),按 G5 应停止循环并复盘 —— 最 | 1
2026-10-02 20:59:39 | bcf750f34dbe7728 | 122 | 116 | 115 | ★ 窗口内出现高位规避(最高 Round 67 100.0% >= 阈值 50%),按 G5 应停止循环并复盘 —— 最 | 1
2026-10-02 21:15:37 | bcf750f34dbe7728 | 122 | 116 | 115 | ★ 窗口内出现高位规避(最高 Round 67 100.0% >= 阈值 50%),按 G5 应停止循环并复盘 —— 最 | 1
2026-10-02 21:15:45 | bcf750f34dbe7728 | 122 | 116 | 115 | ★ 窗口内出现高位规避(最高 Round 67 100.0% >= 阈值 50%),按 G5 应停止循环并复盘 —— 最 | 1
2026-10-02 21:19:33 | bf933978137a4d09 | 127 | 121 | 120 | ★ 窗口内出现高位规避(最高 Round 68 100.0% >= 阈值 50%),按 G5 应停止循环并复盘 —— 最 | 1
2026-10-02 21:19:39 | bf933978137a4d09 | 127 | 121 | 120 | ★ 窗口内出现高位规避(最高 Round 68 100.0% >= 阈值 50%),按 G5 应停止循环并复盘 —— 最 | 1
2026-10-02 21:20:29 | 34b0c64a6f643876 | 127 | 121 | 120 | ★ 窗口内出现高位规避(最高 Round 68 100.0% >= 阈值 50%),按 G5 应停止循环并复盘 —— 最 | 1
2026-10-02 21:21:01 | 34b0c64a6f643876 | 127 | 121 | 120 | ★ 窗口内出现高位规避(最高 Round 68 100.0% >= 阈值 50%),按 G5 应停止循环并复盘 —— 最 | 1
2026-10-02 21:21:07 | 34b0c64a6f643876 | 127 | 121 | 120 | ★ 窗口内出现高位规避(最高 Round 68 100.0% >= 阈值 50%),按 G5 应停止循环并复盘 —— 最 | 1
2026-10-02 21:21:11 | 34b0c64a6f643876 | 127 | 121 | 120 | ★ 窗口内出现高位规避(最高 Round 68 100.0% >= 阈值 50%),按 G5 应停止循环并复盘 —— 最 | 1
2026-10-02 21:21:18 | 34b0c64a6f643876 | 127 | 121 | 120 | ★ 窗口内出现高位规避(最高 Round 68 100.0% >= 阈值 50%),按 G5 应停止循环并复盘 —— 最 | 1
2026-10-02 21:21:31 | 34b0c64a6f643876 | 127 | 121 | 120 | ★ 窗口内出现高位规避(最高 Round 68 100.0% >= 阈值 50%),按 G5 应停止循环并复盘 —— 最 | 1
2026-10-02 21:22:23 | 34b0c64a6f643876 | 127 | 121 | 120 | ★ 窗口内出现高位规避(最高 Round 68 100.0% >= 阈值 50%),按 G5 应停止循环并复盘 —— 最 | 1
2026-10-02 21:22:30 | 34b0c64a6f643876 | 127 | 121 | 120 | ★ 窗口内出现高位规避(最高 Round 68 100.0% >= 阈值 50%),按 G5 应停止循环并复盘 —— 最 | 1
2026-10-02 21:23:38 | 34b0c64a6f643876 | 127 | 121 | 120 | ★ 窗口内出现高位规避(最高 Round 68 100.0% >= 阈值 50%),按 G5 应停止循环并复盘 —— 最 | 1
2026-10-02 21:23:44 | 34b0c64a6f643876 | 127 | 121 | 120 | ★ 窗口内出现高位规避(最高 Round 68 100.0% >= 阈值 50%),按 G5 应停止循环并复盘 —— 最 | 1
2026-10-02 21:28:42 | 34b0c64a6f643876 | 127 | 121 | 120 | ★ 窗口内出现高位规避(最高 Round 68 100.0% >= 阈值 50%),按 G5 应停止循环并复盘 —— 最 | 1
2026-10-02 21:28:48 | 34b0c64a6f643876 | 127 | 121 | 120 | ★ 窗口内出现高位规避(最高 Round 68 100.0% >= 阈值 50%),按 G5 应停止循环并复盘 —— 最 | 1
2026-10-02 21:33:54 | 34b0c64a6f643876 | 127 | 121 | 120 | ★ 窗口内出现高位规避(最高 Round 68 100.0% >= 阈值 50%),按 G5 应停止循环并复盘 —— 最 | 1
2026-10-02 21:34:31 | 34b0c64a6f643876 | 127 | 121 | 120 | ★ 窗口内出现高位规避(最高 Round 68 100.0% >= 阈值 50%),按 G5 应停止循环并复盘 —— 最 | 1
2026-10-02 21:43:10 | 34b0c64a6f643876 | 127 | 121 | 120 | ★ 窗口内出现高位规避(最高 Round 68 100.0% >= 阈值 50%),按 G5 应停止循环并复盘 —— 最 | 1
2026-10-02 21:56:44 | 34b0c64a6f643876 | 127 | 121 | 120 | ★ 窗口内出现高位规避(最高 Round 68 100.0% >= 阈值 50%),按 G5 应停止循环并复盘 —— 最 | 1
2026-10-02 21:56:51 | 34b0c64a6f643876 | 127 | 121 | 120 | ★ 窗口内出现高位规避(最高 Round 68 100.0% >= 阈值 50%),按 G5 应停止循环并复盘 —— 最 | 1
2026-10-02 21:59:53 | 1546b70272ff816d | 132 | 126 | 125 | ★ 窗口内出现高位规避(最高 Round 69 100.0% >= 阈值 50%),按 G5 应停止循环并复盘 —— 最 | 1
2026-10-02 22:00:00 | 1546b70272ff816d | 132 | 126 | 125 | ★ 窗口内出现高位规避(最高 Round 69 100.0% >= 阈值 50%),按 G5 应停止循环并复盘 —— 最 | 1
2026-10-02 22:01:07 | 1546b70272ff816d | 132 | 126 | 125 | ★ 窗口内出现高位规避(最高 Round 69 100.0% >= 阈值 50%),按 G5 应停止循环并复盘 —— 最 | 1
2026-10-02 22:01:14 | 1546b70272ff816d | 132 | 126 | 125 | ★ 窗口内出现高位规避(最高 Round 69 100.0% >= 阈值 50%),按 G5 应停止循环并复盘 —— 最 | 1
2026-10-02 22:32:22 | 1546b70272ff816d | 132 | 126 | 125 | ★ 窗口内出现高位规避(最高 Round 69 100.0% >= 阈值 50%),按 G5 应停止循环并复盘 —— 最 | 1
2026-10-02 22:32:29 | 1546b70272ff816d | 132 | 126 | 125 | ★ 窗口内出现高位规避(最高 Round 69 100.0% >= 阈值 50%),按 G5 应停止循环并复盘 —— 最 | 1
2026-10-02 22:35:00 | 9d0109653abb1f55 | 137 | 131 | 130 | ★ 窗口内出现高位规避(最高 Round 70 100.0% >= 阈值 50%),按 G5 应停止循环并复盘 —— 最 | 1
2026-10-02 22:35:07 | 9d0109653abb1f55 | 137 | 131 | 130 | ★ 窗口内出现高位规避(最高 Round 70 100.0% >= 阈值 50%),按 G5 应停止循环并复盘 —— 最 | 1
2026-10-02 22:36:52 | 9d0109653abb1f55 | 137 | 131 | 130 | ★ 窗口内出现高位规避(最高 Round 70 100.0% >= 阈值 50%),按 G5 应停止循环并复盘 —— 最 | 1
2026-10-02 22:36:59 | 9d0109653abb1f55 | 137 | 131 | 130 | ★ 窗口内出现高位规避(最高 Round 70 100.0% >= 阈值 50%),按 G5 应停止循环并复盘 —— 最 | 1
2026-10-02 23:14:21 | 9d0109653abb1f55 | 137 | 131 | 130 | ★ 窗口内出现高位规避(最高 Round 70 100.0% >= 阈值 50%),按 G5 应停止循环并复盘 —— 最 | 1
2026-10-02 23:14:28 | 9d0109653abb1f55 | 137 | 131 | 130 | ★ 窗口内出现高位规避(最高 Round 70 100.0% >= 阈值 50%),按 G5 应停止循环并复盘 —— 最 | 1
2026-10-02 23:55:50 | 9d0109653abb1f55 | 137 | 131 | 130 | ★ 窗口内出现高位规避(最高 Round 70 100.0% >= 阈值 50%),按 G5 应停止循环并复盘 —— 最 | 1
2026-10-02 23:55:56 | 9d0109653abb1f55 | 137 | 131 | 130 | ★ 窗口内出现高位规避(最高 Round 70 100.0% >= 阈值 50%),按 G5 应停止循环并复盘 —— 最 | 1
2026-10-03 00:05:50 | 9d0109653abb1f55 | 137 | 131 | 130 | ★ 窗口内出现高位规避(最高 Round 70 100.0% >= 阈值 50%),按 G5 应停止循环并复盘 —— 最 | 1
2026-10-03 00:05:57 | 9d0109653abb1f55 | 137 | 131 | 130 | ★ 窗口内出现高位规避(最高 Round 70 100.0% >= 阈值 50%),按 G5 应停止循环并复盘 —— 最 | 1
2026-10-03 00:35:30 | 9d0109653abb1f55 | 137 | 131 | 130 | ★ 窗口内出现高位规避(最高 Round 70 100.0% >= 阈值 50%),按 G5 应停止循环并复盘 —— 最 | 1
2026-10-03 00:35:36 | 9d0109653abb1f55 | 137 | 131 | 130 | ★ 窗口内出现高位规避(最高 Round 70 100.0% >= 阈值 50%),按 G5 应停止循环并复盘 —— 最 | 1
2026-10-03 00:36:23 | f848eb4de5ee324b | 143 | 137 | 135 | ★ 窗口内出现高位规避(最高 Round 70 100.0% >= 阈值 50%),按 G5 应停止循环并复盘 —— 最 | 1
2026-10-03 00:37:03 | f848eb4de5ee324b | 143 | 137 | 135 | ★ 窗口内出现高位规避(最高 Round 70 100.0% >= 阈值 50%),按 G5 应停止循环并复盘 —— 最 | 1
2026-10-03 00:37:09 | f848eb4de5ee324b | 143 | 137 | 135 | ★ 窗口内出现高位规避(最高 Round 70 100.0% >= 阈值 50%),按 G5 应停止循环并复盘 —— 最 | 1
2026-10-03 00:38:55 | f848eb4de5ee324b | 143 | 137 | 135 | ★ 窗口内出现高位规避(最高 Round 70 100.0% >= 阈值 50%),按 G5 应停止循环并复盘 —— 最 | 1
2026-10-03 00:39:01 | f848eb4de5ee324b | 143 | 137 | 135 | ★ 窗口内出现高位规避(最高 Round 70 100.0% >= 阈值 50%),按 G5 应停止循环并复盘 —— 最 | 1
2026-10-03 01:09:38 | e33f479b8a7abb9c | 144 | 138 | 135 | ★ 窗口内出现高位规避(最高 Round 70 100.0% >= 阈值 50%),按 G5 应停止循环并复盘 —— 最 | 1
2026-10-03 01:10:19 | e33f479b8a7abb9c | 144 | 138 | 135 | ★ 窗口内出现高位规避(最高 Round 70 100.0% >= 阈值 50%),按 G5 应停止循环并复盘 —— 最 | 1
2026-10-03 01:10:26 | e33f479b8a7abb9c | 144 | 138 | 135 | ★ 窗口内出现高位规避(最高 Round 70 100.0% >= 阈值 50%),按 G5 应停止循环并复盘 —— 最 | 1
2026-10-03 01:37:12 | e33f479b8a7abb9c | 144 | 138 | 135 | ★ 窗口内出现高位规避(最高 Round 70 100.0% >= 阈值 50%),按 G5 应停止循环并复盘 —— 最 | 1
2026-10-03 01:45:35 | e33f479b8a7abb9c | 144 | 138 | 135 | ★ 窗口内出现高位规避(最高 Round 70 100.0% >= 阈值 50%),按 G5 应停止循环并复盘 —— 最 | 1
2026-10-03 01:45:42 | e33f479b8a7abb9c | 144 | 138 | 135 | ★ 窗口内出现高位规避(最高 Round 70 100.0% >= 阈值 50%),按 G5 应停止循环并复盘 —— 最 | 1
2026-10-03 01:45:50 | 66c283844e948364 | 145 | 139 | 135 | ★ 窗口内出现高位规避(最高 Round 70 100.0% >= 阈值 50%),按 G5 应停止循环并复盘 —— 最 | 1
2026-10-03 01:46:36 | 66c283844e948364 | 145 | 139 | 135 | ★ 窗口内出现高位规避(最高 Round 70 100.0% >= 阈值 50%),按 G5 应停止循环并复盘 —— 最 | 1
2026-10-03 01:46:42 | 66c283844e948364 | 145 | 139 | 135 | ★ 窗口内出现高位规避(最高 Round 70 100.0% >= 阈值 50%),按 G5 应停止循环并复盘 —— 最 | 1
2026-10-03 02:05:48 | 66c283844e948364 | 145 | 139 | 135 | ★ 窗口内出现高位规避(最高 Round 70 100.0% >= 阈值 50%),按 G5 应停止循环并复盘 —— 最 | 1
2026-10-03 02:13:32 | 66c283844e948364 | 145 | 139 | 135 | ★ 窗口内出现高位规避(最高 Round 70 100.0% >= 阈值 50%),按 G5 应停止循环并复盘 —— 最 | 1
2026-10-03 02:13:34 | 66c283844e948364 | 145 | 139 | 135 | ★ 窗口内出现高位规避(最高 Round 70 100.0% >= 阈值 50%),按 G5 应停止循环并复盘 —— 最 | 1
2026-10-03 02:14:09 | 66c283844e948364 | 145 | 139 | 135 | ★ 窗口内出现高位规避(最高 Round 70 100.0% >= 阈值 50%),按 G5 应停止循环并复盘 —— 最 | 1
2026-10-03 02:14:54 | 66c283844e948364 | 145 | 139 | 135 | ★ 窗口内出现高位规避(最高 Round 70 100.0% >= 阈值 50%),按 G5 应停止循环并复盘 —— 最 | 1
2026-10-03 02:15:00 | 66c283844e948364 | 145 | 139 | 135 | ★ 窗口内出现高位规避(最高 Round 70 100.0% >= 阈值 50%),按 G5 应停止循环并复盘 —— 最 | 1
2026-10-03 02:15:13 | 110150cf593426d6 | 146 | 140 | 136 | ★ 窗口内出现高位规避(最高 Round 70 100.0% >= 阈值 50%),按 G5 应停止循环并复盘 —— 最 | 1
2026-10-03 02:15:45 | 110150cf593426d6 | 146 | 140 | 136 | ★ 窗口内出现高位规避(最高 Round 70 100.0% >= 阈值 50%),按 G5 应停止循环并复盘 —— 最 | 1
2026-10-03 02:15:51 | 110150cf593426d6 | 146 | 140 | 136 | ★ 窗口内出现高位规避(最高 Round 70 100.0% >= 阈值 50%),按 G5 应停止循环并复盘 —— 最 | 1
2026-10-03 02:16:27 | 110150cf593426d6 | 146 | 140 | 136 | ★ 窗口内出现高位规避(最高 Round 70 100.0% >= 阈值 50%),按 G5 应停止循环并复盘 —— 最 | 1
2026-10-03 02:16:33 | 110150cf593426d6 | 146 | 140 | 136 | ★ 窗口内出现高位规避(最高 Round 70 100.0% >= 阈值 50%),按 G5 应停止循环并复盘 —— 最 | 1
2026-10-03 02:17:31 | 110150cf593426d6 | 146 | 140 | 136 | ★ 窗口内出现高位规避(最高 Round 70 100.0% >= 阈值 50%),按 G5 应停止循环并复盘 —— 最 | 1
2026-10-03 02:17:37 | 110150cf593426d6 | 146 | 140 | 136 | ★ 窗口内出现高位规避(最高 Round 70 100.0% >= 阈值 50%),按 G5 应停止循环并复盘 —— 最 | 1
2026-10-03 02:19:00 | 110150cf593426d6 | 146 | 140 | 136 | ★ 窗口内出现高位规避(最高 Round 70 100.0% >= 阈值 50%),按 G5 应停止循环并复盘 —— 最 | 1
2026-10-03 02:19:06 | 110150cf593426d6 | 146 | 140 | 136 | ★ 窗口内出现高位规避(最高 Round 70 100.0% >= 阈值 50%),按 G5 应停止循环并复盘 —— 最 | 1
2026-10-03 02:52:56 | 110150cf593426d6 | 146 | 140 | 136 | ★ 窗口内出现高位规避(最高 Round 70 100.0% >= 阈值 50%),按 G5 应停止循环并复盘 —— 最 | 1
2026-10-03 02:55:16 | 110150cf593426d6 | 146 | 140 | 136 | ★ 窗口内出现高位规避(最高 Round 70 100.0% >= 阈值 50%),按 G5 应停止循环并复盘 —— 最 | 1
2026-10-03 03:00:40 | 110150cf593426d6 | 146 | 140 | 136 | ★ 窗口内出现高位规避(最高 Round 70 100.0% >= 阈值 50%),按 G5 应停止循环并复盘 —— 最 | 1
2026-10-03 03:00:46 | 110150cf593426d6 | 146 | 140 | 136 | ★ 窗口内出现高位规避(最高 Round 70 100.0% >= 阈值 50%),按 G5 应停止循环并复盘 —— 最 | 1
2026-10-03 03:02:27 | 841b5d75111fed5d | 147 | 141 | 137 | ★ 窗口内出现高位规避(最高 Round 70 100.0% >= 阈值 50%),按 G5 应停止循环并复盘 —— 最 | 1
2026-10-03 03:02:33 | 841b5d75111fed5d | 147 | 141 | 137 | ★ 窗口内出现高位规避(最高 Round 70 100.0% >= 阈值 50%),按 G5 应停止循环并复盘 —— 最 | 1
2026-10-03 03:14:19 | 841b5d75111fed5d | 147 | 141 | 137 | ★ 窗口内出现高位规避(最高 Round 70 100.0% >= 阈值 50%),按 G5 应停止循环并复盘 —— 最 | 1
2026-10-03 03:14:19 | 841b5d75111fed5d | 147 | 141 | 137 | ★ 窗口内出现高位规避(最高 Round 70 100.0% >= 阈值 50%),按 G5 应停止循环并复盘 —— 最 | 1
2026-10-03 03:49:10 | 7ccced10d304f775 | 148 | 142 | 138 | ★ 窗口内出现高位规避(最高 Round 70 100.0% >= 阈值 50%),按 G5 应停止循环并复盘 —— 最 | 1
2026-10-03 03:56:54 | 7ccced10d304f775 | 148 | 142 | 138 | ★ 窗口内出现高位规避(最高 Round 70 100.0% >= 阈值 50%),按 G5 应停止循环并复盘 —— 最 | 1
2026-10-03 03:57:00 | 7ccced10d304f775 | 148 | 142 | 138 | ★ 窗口内出现高位规避(最高 Round 70 100.0% >= 阈值 50%),按 G5 应停止循环并复盘 —— 最 | 1
2026-10-03 04:24:12 | 7ccced10d304f775 | 148 | 142 | 138 | ★ 窗口内出现高位规避(最高 Round 70 100.0% >= 阈值 50%),按 G5 应停止循环并复盘 —— 最 | 1
2026-10-03 04:24:12 | 7ccced10d304f775 | 148 | 142 | 138 | ★ 窗口内出现高位规避(最高 Round 70 100.0% >= 阈值 50%),按 G5 应停止循环并复盘 —— 最 | 1
2026-10-03 04:25:42 | 7ccced10d304f775 | 148 | 142 | 138 | ★ 窗口内出现高位规避(最高 Round 70 100.0% >= 阈值 50%),按 G5 应停止循环并复盘 —— 最 | 1
2026-10-03 04:25:54 | 7ccced10d304f775 | 148 | 142 | 138 | ★ 窗口内出现高位规避(最高 Round 70 100.0% >= 阈值 50%),按 G5 应停止循环并复盘 —— 最 | 1
2026-10-03 07:31:27 | 7ccced10d304f775 | 148 | 142 | 138 | ★ 窗口内出现高位规避(最高 Round 70 100.0% >= 阈值 50%),按 G5 应停止循环并复盘 —— 最 | 1
2026-10-03 07:37:23 | 7ccced10d304f775 | 148 | 142 | 138 | ★ 窗口内出现高位规避(最高 Round 70 100.0% >= 阈值 50%),按 G5 应停止循环并复盘 —— 最 | 1
2026-10-03 07:37:29 | 7ccced10d304f775 | 148 | 142 | 138 | ★ 窗口内出现高位规避(最高 Round 70 100.0% >= 阈值 50%),按 G5 应停止循环并复盘 —— 最 | 1
2026-10-03 07:38:20 | b414482183da7827 | 149 | 143 | 139 | ★ 窗口内出现高位规避(最高 Round 70 100.0% >= 阈值 50%),按 G5 应停止循环并复盘 —— 最 | 1
2026-10-03 07:38:28 | ff815cb246fe6cf0 | 149 | 143 | 139 | ★ 窗口内出现高位规避(最高 Round 70 100.0% >= 阈值 50%),按 G5 应停止循环并复盘 —— 最 | 1
2026-10-03 07:54:27 | ff815cb246fe6cf0 | 149 | 143 | 139 | ★ 窗口内出现高位规避(最高 Round 70 100.0% >= 阈值 50%),按 G5 应停止循环并复盘 —— 最 | 1
2026-10-03 07:54:34 | ff815cb246fe6cf0 | 149 | 143 | 139 | ★ 窗口内出现高位规避(最高 Round 70 100.0% >= 阈值 50%),按 G5 应停止循环并复盘 —— 最 | 1
2026-10-03 08:16:50 | 0c2156d6a7fc57c9 | 149 | 143 | 139 | ★ 窗口内出现高位规避(最高 Round 70 100.0% >= 阈值 50%),按 G5 应停止循环并复盘 —— 最 | 1
2026-10-03 08:16:57 | 0c2156d6a7fc57c9 | 149 | 143 | 139 | ★ 窗口内出现高位规避(最高 Round 70 100.0% >= 阈值 50%),按 G5 应停止循环并复盘 —— 最 | 1
2026-10-03 08:36:06 | 0c2156d6a7fc57c9 | 149 | 143 | 139 | ★ 窗口内出现高位规避(最高 Round 70 100.0% >= 阈值 50%),按 G5 应停止循环并复盘 —— 最 | 1
2026-10-03 08:36:13 | 0c2156d6a7fc57c9 | 149 | 143 | 139 | ★ 窗口内出现高位规避(最高 Round 70 100.0% >= 阈值 50%),按 G5 应停止循环并复盘 —— 最 | 1
2026-10-03 08:45:08 | 0c2156d6a7fc57c9 | 149 | 143 | 139 | ★ 窗口内出现高位规避(最高 Round 70 100.0% >= 阈值 50%),按 G5 应停止循环并复盘 —— 最 | 1
2026-10-03 08:45:14 | 0c2156d6a7fc57c9 | 149 | 143 | 139 | ★ 窗口内出现高位规避(最高 Round 70 100.0% >= 阈值 50%),按 G5 应停止循环并复盘 —— 最 | 1
2026-10-03 08:57:27 | 0c2156d6a7fc57c9 | 149 | 143 | 139 | ★ 窗口内出现高位规避(最高 Round 70 100.0% >= 阈值 50%),按 G5 应停止循环并复盘 —— 最 | 1
2026-10-03 08:57:33 | 0c2156d6a7fc57c9 | 149 | 143 | 139 | ★ 窗口内出现高位规避(最高 Round 70 100.0% >= 阈值 50%),按 G5 应停止循环并复盘 —— 最 | 1
2026-10-03 09:11:33 | 0c2156d6a7fc57c9 | 149 | 143 | 139 | ★ 窗口内出现高位规避(最高 Round 70 100.0% >= 阈值 50%),按 G5 应停止循环并复盘 —— 最 | 1
2026-10-03 09:11:40 | 0c2156d6a7fc57c9 | 149 | 143 | 139 | ★ 窗口内出现高位规避(最高 Round 70 100.0% >= 阈值 50%),按 G5 应停止循环并复盘 —— 最 | 1
2026-10-03 09:27:10 | 0c2156d6a7fc57c9 | 149 | 143 | 139 | ★ 窗口内出现高位规避(最高 Round 70 100.0% >= 阈值 50%),按 G5 应停止循环并复盘 —— 最 | 1
2026-10-03 09:27:17 | 0c2156d6a7fc57c9 | 149 | 143 | 139 | ★ 窗口内出现高位规避(最高 Round 70 100.0% >= 阈值 50%),按 G5 应停止循环并复盘 —— 最 | 1
2026-10-03 09:33:35 | 21a5774076494f1b | 150 | 144 | 140 | ★ 窗口内出现高位规避(最高 Round 70 100.0% >= 阈值 50%),按 G5 应停止循环并复盘 —— 最 | 1
2026-10-03 09:33:41 | 21a5774076494f1b | 150 | 144 | 140 | ★ 窗口内出现高位规避(最高 Round 70 100.0% >= 阈值 50%),按 G5 应停止循环并复盘 —— 最 | 1
2026-10-03 09:42:56 | 21a5774076494f1b | 150 | 144 | 140 | ★ 窗口内出现高位规避(最高 Round 70 100.0% >= 阈值 50%),按 G5 应停止循环并复盘 —— 最 | 1
2026-10-03 09:53:44 | 21a5774076494f1b | 150 | 144 | 140 | ★ 窗口内出现高位规避(最高 Round 70 100.0% >= 阈值 50%),按 G5 应停止循环并复盘 —— 最 | 1
2026-10-03 09:53:51 | 21a5774076494f1b | 150 | 144 | 140 | ★ 窗口内出现高位规避(最高 Round 70 100.0% >= 阈值 50%),按 G5 应停止循环并复盘 —— 最 | 1
2026-10-03 10:30:30 | 21a5774076494f1b | 150 | 144 | 140 | ★ 窗口内出现高位规避(最高 Round 70 100.0% >= 阈值 50%),按 G5 应停止循环并复盘 —— 最 | 1
2026-10-03 10:30:36 | 21a5774076494f1b | 150 | 144 | 140 | ★ 窗口内出现高位规避(最高 Round 70 100.0% >= 阈值 50%),按 G5 应停止循环并复盘 —— 最 | 1
2026-10-03 10:38:56 | 7bf7ae318415c50b | 151 | 145 | 141 | ★ 窗口内出现高位规避(最高 Round 70 100.0% >= 阈值 50%),按 G5 应停止循环并复盘 —— 最 | 1
2026-10-03 10:39:03 | 7bf7ae318415c50b | 151 | 145 | 141 | ★ 窗口内出现高位规避(最高 Round 70 100.0% >= 阈值 50%),按 G5 应停止循环并复盘 —— 最 | 1
2026-10-03 11:14:00 | 7bf7ae318415c50b | 151 | 145 | 141 | ★ 窗口内出现高位规避(最高 Round 70 100.0% >= 阈值 50%),按 G5 应停止循环并复盘 —— 最 | 1
2026-10-03 11:14:14 | 7bf7ae318415c50b | 151 | 145 | 141 | ★ 窗口内出现高位规避(最高 Round 70 100.0% >= 阈值 50%),按 G5 应停止循环并复盘 —— 最 | 1
2026-10-03 11:42:05 | 7bf7ae318415c50b | 151 | 145 | 141 | ★ 窗口内出现高位规避(最高 Round 70 100.0% >= 阈值 50%),按 G5 应停止循环并复盘 —— 最 | 1
2026-10-03 11:42:12 | 7bf7ae318415c50b | 151 | 145 | 141 | ★ 窗口内出现高位规避(最高 Round 70 100.0% >= 阈值 50%),按 G5 应停止循环并复盘 —— 最 | 1
2026-10-03 11:49:03 | 6890d7e8f0fd3420 | 152 | 146 | 142 | ★ 窗口内出现高位规避(最高 Round 70 100.0% >= 阈值 50%),按 G5 应停止循环并复盘 —— 最 | 1
2026-10-03 11:49:09 | 6890d7e8f0fd3420 | 152 | 146 | 142 | ★ 窗口内出现高位规避(最高 Round 70 100.0% >= 阈值 50%),按 G5 应停止循环并复盘 —— 最 | 1
2026-10-03 11:57:07 | 6890d7e8f0fd3420 | 152 | 146 | 142 | ★ 窗口内出现高位规避(最高 Round 70 100.0% >= 阈值 50%),按 G5 应停止循环并复盘 —— 最 | 1
2026-10-03 11:57:13 | 6890d7e8f0fd3420 | 152 | 146 | 142 | ★ 窗口内出现高位规避(最高 Round 70 100.0% >= 阈值 50%),按 G5 应停止循环并复盘 —— 最 | 1
2026-10-03 12:05:50 | 93542d741c854e28 | 153 | 147 | 143 | ★ 窗口内出现高位规避(最高 Round 70 100.0% >= 阈值 50%),按 G5 应停止循环并复盘 —— 最 | 1
2026-10-03 12:05:56 | 93542d741c854e28 | 153 | 147 | 143 | ★ 窗口内出现高位规避(最高 Round 70 100.0% >= 阈值 50%),按 G5 应停止循环并复盘 —— 最 | 1
2026-10-03 12:33:48 | 3b37dc0198f12037 | 154 | 148 | 144 | ★ 窗口内出现高位规避(最高 Round 70 100.0% >= 阈值 50%),按 G5 应停止循环并复盘 —— 最 | 1
2026-10-03 12:33:55 | 3b37dc0198f12037 | 154 | 148 | 144 | ★ 窗口内出现高位规避(最高 Round 70 100.0% >= 阈值 50%),按 G5 应停止循环并复盘 —— 最 | 1
2026-10-03 12:48:20 | 3b37dc0198f12037 | 154 | 148 | 144 | ★ 窗口内出现高位规避(最高 Round 70 100.0% >= 阈值 50%),按 G5 应停止循环并复盘 —— 最 | 1
2026-10-03 13:23:41 | 69bc3b2f8cc65d77 | 155 | 149 | 145 | ★ 窗口内出现高位规避(最高 Round 70 100.0% >= 阈值 50%),按 G5 应停止循环并复盘 —— 最 | 1
2026-10-03 13:38:30 | 69bc3b2f8cc65d77 | 155 | 149 | 145 | ★ 窗口内出现高位规避(最高 Round 70 100.0% >= 阈值 50%),按 G5 应停止循环并复盘 —— 最 | 1
2026-10-03 13:38:37 | 69bc3b2f8cc65d77 | 155 | 149 | 145 | ★ 窗口内出现高位规避(最高 Round 70 100.0% >= 阈值 50%),按 G5 应停止循环并复盘 —— 最 | 1
2026-10-03 13:51:51 | 69bc3b2f8cc65d77 | 155 | 149 | 145 | ★ 窗口内出现高位规避(最高 Round 70 100.0% >= 阈值 50%),按 G5 应停止循环并复盘 —— 最 | 1
2026-10-03 13:52:01 | 69bc3b2f8cc65d77 | 155 | 149 | 145 | ★ 窗口内出现高位规避(最高 Round 70 100.0% >= 阈值 50%),按 G5 应停止循环并复盘 —— 最 | 1
2026-10-03 14:23:02 | cc0eba1ac991e285 | 156 | 150 | 146 | ★ 窗口内出现高位规避(最高 Round 70 100.0% >= 阈值 50%),按 G5 应停止循环并复盘 —— 最 | 1
2026-10-03 14:23:09 | cc0eba1ac991e285 | 156 | 150 | 146 | ★ 窗口内出现高位规避(最高 Round 70 100.0% >= 阈值 50%),按 G5 应停止循环并复盘 —— 最 | 1
2026-10-03 14:38:03 | cc0eba1ac991e285 | 156 | 150 | 146 | ★ 窗口内出现高位规避(最高 Round 70 100.0% >= 阈值 50%),按 G5 应停止循环并复盘 —— 最 | 1
2026-10-03 14:57:57 | 4de5b5c132c4e943 | 157 | 151 | 147 | ★ 窗口内出现高位规避(最高 Round 70 100.0% >= 阈值 50%),按 G5 应停止循环并复盘 —— 最 | 1
2026-10-03 14:58:06 | 4de5b5c132c4e943 | 157 | 151 | 147 | ★ 窗口内出现高位规避(最高 Round 70 100.0% >= 阈值 50%),按 G5 应停止循环并复盘 —— 最 | 1
2026-10-03 15:20:28 | 4de5b5c132c4e943 | 157 | 151 | 147 | ★ 窗口内出现高位规避(最高 Round 70 100.0% >= 阈值 50%),按 G5 应停止循环并复盘 —— 最 | 1
2026-10-03 15:20:37 | 4de5b5c132c4e943 | 157 | 151 | 147 | ★ 窗口内出现高位规避(最高 Round 70 100.0% >= 阈值 50%),按 G5 应停止循环并复盘 —— 最 | 1
2026-10-03 15:41:39 | 77aad27d9223f965 | 158 | 152 | 148 | ★ 窗口内出现高位规避(最高 Round 70 100.0% >= 阈值 50%),按 G5 应停止循环并复盘 —— 最 | 1
2026-10-03 15:41:46 | 77aad27d9223f965 | 158 | 152 | 148 | ★ 窗口内出现高位规避(最高 Round 70 100.0% >= 阈值 50%),按 G5 应停止循环并复盘 —— 最 | 1
2026-10-03 15:59:28 | 77aad27d9223f965 | 158 | 152 | 148 | ★ 窗口内出现高位规避(最高 Round 70 100.0% >= 阈值 50%),按 G5 应停止循环并复盘 —— 最 | 1
2026-10-03 15:59:35 | 77aad27d9223f965 | 158 | 152 | 148 | ★ 窗口内出现高位规避(最高 Round 70 100.0% >= 阈值 50%),按 G5 应停止循环并复盘 —— 最 | 1
2026-10-03 16:15:54 | 31091dd7c78a4209 | 159 | 153 | 149 | ★ 窗口内出现高位规避(最高 Round 70 100.0% >= 阈值 50%),按 G5 应停止循环并复盘 —— 最 | 1
2026-10-03 16:16:01 | 31091dd7c78a4209 | 159 | 153 | 149 | ★ 窗口内出现高位规避(最高 Round 70 100.0% >= 阈值 50%),按 G5 应停止循环并复盘 —— 最 | 1
2026-10-03 16:28:27 | 31091dd7c78a4209 | 159 | 153 | 149 | ★ 窗口内出现高位规避(最高 Round 70 100.0% >= 阈值 50%),按 G5 应停止循环并复盘 —— 最 | 1
2026-10-03 16:28:34 | 31091dd7c78a4209 | 159 | 153 | 149 | ★ 窗口内出现高位规避(最高 Round 70 100.0% >= 阈值 50%),按 G5 应停止循环并复盘 —— 最 | 1
2026-10-03 16:43:33 | 1e4a49afc9d1b1ff | 160 | 154 | 150 | ★ 窗口内出现高位规避(最高 Round 70 100.0% >= 阈值 50%),按 G5 应停止循环并复盘 —— 最 | 1
2026-10-03 16:43:40 | 1e4a49afc9d1b1ff | 160 | 154 | 150 | ★ 窗口内出现高位规避(最高 Round 70 100.0% >= 阈值 50%),按 G5 应停止循环并复盘 —— 最 | 1
2026-10-03 16:58:55 | 1e4a49afc9d1b1ff | 160 | 154 | 150 | ★ 窗口内出现高位规避(最高 Round 70 100.0% >= 阈值 50%),按 G5 应停止循环并复盘 —— 最 | 1
2026-10-03 17:15:35 | 1e4a49afc9d1b1ff | 160 | 154 | 150 | ★ 窗口内出现高位规避(最高 Round 70 100.0% >= 阈值 50%),按 G5 应停止循环并复盘 —— 最 | 1
2026-10-03 17:15:42 | 1e4a49afc9d1b1ff | 160 | 154 | 150 | ★ 窗口内出现高位规避(最高 Round 70 100.0% >= 阈值 50%),按 G5 应停止循环并复盘 —— 最 | 1
2026-10-03 17:26:51 | 96960b2763caa561 | 161 | 155 | 151 | ★ 窗口内出现高位规避(最高 Round 70 100.0% >= 阈值 50%),按 G5 应停止循环并复盘 —— 最 | 1
2026-10-03 17:26:58 | 96960b2763caa561 | 161 | 155 | 151 | ★ 窗口内出现高位规避(最高 Round 70 100.0% >= 阈值 50%),按 G5 应停止循环并复盘 —— 最 | 1
2026-10-03 17:45:41 | 96960b2763caa561 | 161 | 155 | 151 | ★ 窗口内出现高位规避(最高 Round 70 100.0% >= 阈值 50%),按 G5 应停止循环并复盘 —— 最 | 1
2026-10-03 18:05:04 | 96960b2763caa561 | 161 | 155 | 151 | ★ 窗口内出现高位规避(最高 Round 70 100.0% >= 阈值 50%),按 G5 应停止循环并复盘 —— 最 | 1
2026-10-03 18:05:11 | 96960b2763caa561 | 161 | 155 | 151 | ★ 窗口内出现高位规避(最高 Round 70 100.0% >= 阈值 50%),按 G5 应停止循环并复盘 —— 最 | 1
2026-10-03 18:15:51 | 508b3ed53bf179a2 | 162 | 156 | 152 | ★ 窗口内出现高位规避(最高 Round 70 100.0% >= 阈值 50%),按 G5 应停止循环并复盘 —— 最 | 1
2026-10-03 18:15:58 | 508b3ed53bf179a2 | 162 | 156 | 152 | ★ 窗口内出现高位规避(最高 Round 70 100.0% >= 阈值 50%),按 G5 应停止循环并复盘 —— 最 | 1
2026-10-03 18:38:30 | 508b3ed53bf179a2 | 162 | 156 | 152 | ★ 窗口内出现高位规避(最高 Round 70 100.0% >= 阈值 50%),按 G5 应停止循环并复盘 —— 最 | 1
2026-10-03 18:38:37 | 508b3ed53bf179a2 | 162 | 156 | 152 | ★ 窗口内出现高位规避(最高 Round 70 100.0% >= 阈值 50%),按 G5 应停止循环并复盘 —— 最 | 1
2026-10-03 19:01:51 | 372ebbd6c2bbb8c7 | 163 | 157 | 153 | ★ 窗口内出现高位规避(最高 Round 70 100.0% >= 阈值 50%),按 G5 应停止循环并复盘 —— 最 | 1
2026-10-03 19:01:58 | 372ebbd6c2bbb8c7 | 163 | 157 | 153 | ★ 窗口内出现高位规避(最高 Round 70 100.0% >= 阈值 50%),按 G5 应停止循环并复盘 —— 最 | 1
2026-10-03 19:09:34 | 372ebbd6c2bbb8c7 | 163 | 157 | 153 | ★ 窗口内出现高位规避(最高 Round 70 100.0% >= 阈值 50%),按 G5 应停止循环并复盘 —— 最 | 1
2026-10-03 19:09:40 | 372ebbd6c2bbb8c7 | 163 | 157 | 153 | ★ 窗口内出现高位规避(最高 Round 70 100.0% >= 阈值 50%),按 G5 应停止循环并复盘 —— 最 | 1
2026-10-03 19:24:53 | 444525c1c7dc718b | 164 | 158 | 154 | ★ 窗口内出现高位规避(最高 Round 70 100.0% >= 阈值 50%),按 G5 应停止循环并复盘 —— 最 | 1
2026-10-03 19:24:59 | 444525c1c7dc718b | 164 | 158 | 154 | ★ 窗口内出现高位规避(最高 Round 70 100.0% >= 阈值 50%),按 G5 应停止循环并复盘 —— 最 | 1
2026-10-03 19:34:09 | 444525c1c7dc718b | 164 | 158 | 154 | ★ 窗口内出现高位规避(最高 Round 70 100.0% >= 阈值 50%),按 G5 应停止循环并复盘 —— 最 | 1
2026-10-03 19:34:15 | 444525c1c7dc718b | 164 | 158 | 154 | ★ 窗口内出现高位规避(最高 Round 70 100.0% >= 阈值 50%),按 G5 应停止循环并复盘 —— 最 | 1
2026-10-03 19:53:48 | f1b0267a696b7aed | 165 | 159 | 155 | ★ 窗口内出现高位规避(最高 Round 70 100.0% >= 阈值 50%),按 G5 应停止循环并复盘 —— 最 | 1
2026-10-03 19:53:54 | f1b0267a696b7aed | 165 | 159 | 155 | ★ 窗口内出现高位规避(最高 Round 70 100.0% >= 阈值 50%),按 G5 应停止循环并复盘 —— 最 | 1
2026-10-03 20:53:45 | 8c43a78a30ef5ff9 | 166 | 160 | 156 | ★ 窗口内出现高位规避(最高 Round 70 100.0% >= 阈值 50%),按 G5 应停止循环并复盘 —— 最 | 1
2026-10-03 20:53:51 | 8c43a78a30ef5ff9 | 166 | 160 | 156 | ★ 窗口内出现高位规避(最高 Round 70 100.0% >= 阈值 50%),按 G5 应停止循环并复盘 —— 最 | 1
2026-10-03 21:13:46 | 8c43a78a30ef5ff9 | 166 | 160 | 156 | ★ 窗口内出现高位规避(最高 Round 70 100.0% >= 阈值 50%),按 G5 应停止循环并复盘 —— 最 | 1
2026-10-03 21:13:52 | 8c43a78a30ef5ff9 | 166 | 160 | 156 | ★ 窗口内出现高位规避(最高 Round 70 100.0% >= 阈值 50%),按 G5 应停止循环并复盘 —— 最 | 1
2026-10-03 21:32:12 | 80d07383547e7a35 | 167 | 161 | 157 | ★ 窗口内出现高位规避(最高 Round 70 100.0% >= 阈值 50%),按 G5 应停止循环并复盘 —— 最 | 1
2026-10-03 21:32:18 | 80d07383547e7a35 | 167 | 161 | 157 | ★ 窗口内出现高位规避(最高 Round 70 100.0% >= 阈值 50%),按 G5 应停止循环并复盘 —— 最 | 1
2026-10-03 21:50:03 | 80d07383547e7a35 | 167 | 161 | 157 | ★ 窗口内出现高位规避(最高 Round 70 100.0% >= 阈值 50%),按 G5 应停止循环并复盘 —— 最 | 1
2026-10-03 21:50:09 | 80d07383547e7a35 | 167 | 161 | 157 | ★ 窗口内出现高位规避(最高 Round 70 100.0% >= 阈值 50%),按 G5 应停止循环并复盘 —— 最 | 1
2026-10-04 00:52:51 | de8bc7d8ffbc67fe | 168 | 162 | 158 | ★ 窗口内出现高位规避(最高 Round 70 100.0% >= 阈值 50%),按 G5 应停止循环并复盘 —— 最 | 1
2026-10-04 00:52:57 | de8bc7d8ffbc67fe | 168 | 162 | 158 | ★ 窗口内出现高位规避(最高 Round 70 100.0% >= 阈值 50%),按 G5 应停止循环并复盘 —— 最 | 1
2026-10-04 16:20:40 | 643f4897897a8a30 | 169 | 163 | 159 | ★ 窗口内出现高位规避(最高 Round 70 100.0% >= 阈值 50%),按 G5 应停止循环并复盘 —— 最 | 1
2026-10-04 16:20:47 | 643f4897897a8a30 | 169 | 163 | 159 | ★ 窗口内出现高位规避(最高 Round 70 100.0% >= 阈值 50%),按 G5 应停止循环并复盘 —— 最 | 1
2026-10-04 16:39:34 | 3f26525e3b512aec | 169 | 163 | 159 | ★ 窗口内出现高位规避(最高 Round 70 100.0% >= 阈值 50%),按 G5 应停止循环并复盘 —— 最 | 1
2026-10-04 16:39:41 | 3f26525e3b512aec | 169 | 163 | 159 | ★ 窗口内出现高位规避(最高 Round 70 100.0% >= 阈值 50%),按 G5 应停止循环并复盘 —— 最 | 1
2026-10-04 17:24:28 | 122866450f89b290 | 170 | 164 | 160 | ★ 窗口内出现高位规避(最高 Round 70 100.0% >= 阈值 50%),按 G5 应停止循环并复盘 —— 最 | 1
2026-10-04 17:24:35 | 122866450f89b290 | 170 | 164 | 160 | ★ 窗口内出现高位规避(最高 Round 70 100.0% >= 阈值 50%),按 G5 应停止循环并复盘 —— 最 | 1
2026-10-04 17:52:31 | 122866450f89b290 | 170 | 164 | 160 | ★ 窗口内出现高位规避(最高 Round 70 100.0% >= 阈值 50%),按 G5 应停止循环并复盘 —— 最 | 1
2026-10-04 17:52:38 | 122866450f89b290 | 170 | 164 | 160 | ★ 窗口内出现高位规避(最高 Round 70 100.0% >= 阈值 50%),按 G5 应停止循环并复盘 —— 最 | 1
2026-10-04 18:08:31 | baa15a072d6a8e5b | 171 | 165 | 161 | ★ 窗口内出现高位规避(最高 Round 70 100.0% >= 阈值 50%),按 G5 应停止循环并复盘 —— 最 | 1
2026-10-04 18:08:38 | baa15a072d6a8e5b | 171 | 165 | 161 | ★ 窗口内出现高位规避(最高 Round 70 100.0% >= 阈值 50%),按 G5 应停止循环并复盘 —— 最 | 1
2026-10-04 18:29:38 | baa15a072d6a8e5b | 171 | 165 | 161 | ★ 窗口内出现高位规避(最高 Round 70 100.0% >= 阈值 50%),按 G5 应停止循环并复盘 —— 最 | 1
2026-10-04 18:29:45 | baa15a072d6a8e5b | 171 | 165 | 161 | ★ 窗口内出现高位规避(最高 Round 70 100.0% >= 阈值 50%),按 G5 应停止循环并复盘 —— 最 | 1
2026-10-04 18:49:51 | 84356799c3b01e69 | 172 | 166 | 162 | ★ 窗口内出现高位规避(最高 Round 70 100.0% >= 阈值 50%),按 G5 应停止循环并复盘 —— 最 | 1
2026-10-04 18:49:58 | 84356799c3b01e69 | 172 | 166 | 162 | ★ 窗口内出现高位规避(最高 Round 70 100.0% >= 阈值 50%),按 G5 应停止循环并复盘 —— 最 | 1
2026-10-04 19:07:52 | 84356799c3b01e69 | 172 | 166 | 162 | ★ 窗口内出现高位规避(最高 Round 70 100.0% >= 阈值 50%),按 G5 应停止循环并复盘 —— 最 | 1
2026-10-04 19:07:58 | 84356799c3b01e69 | 172 | 166 | 162 | ★ 窗口内出现高位规避(最高 Round 70 100.0% >= 阈值 50%),按 G5 应停止循环并复盘 —— 最 | 1
2026-10-04 19:27:03 | 47156776920322be | 173 | 167 | 163 | ★ 窗口内出现高位规避(最高 Round 70 100.0% >= 阈值 50%),按 G5 应停止循环并复盘 —— 最 | 1
2026-10-04 19:27:10 | 47156776920322be | 173 | 167 | 163 | ★ 窗口内出现高位规避(最高 Round 70 100.0% >= 阈值 50%),按 G5 应停止循环并复盘 —— 最 | 1
2026-10-04 19:45:40 | 47156776920322be | 173 | 167 | 163 | ★ 窗口内出现高位规避(最高 Round 70 100.0% >= 阈值 50%),按 G5 应停止循环并复盘 —— 最 | 1
2026-10-04 19:45:47 | 47156776920322be | 173 | 167 | 163 | ★ 窗口内出现高位规避(最高 Round 70 100.0% >= 阈值 50%),按 G5 应停止循环并复盘 —— 最 | 1
2026-10-04 20:20:01 | 8414182ab8be76c3 | 174 | 168 | 164 | ★ 窗口内出现高位规避(最高 Round 70 100.0% >= 阈值 50%),按 G5 应停止循环并复盘 —— 最 | 1
2026-10-04 20:20:08 | 8414182ab8be76c3 | 174 | 168 | 164 | ★ 窗口内出现高位规避(最高 Round 70 100.0% >= 阈值 50%),按 G5 应停止循环并复盘 —— 最 | 1
2026-10-04 20:40:10 | 8414182ab8be76c3 | 174 | 168 | 164 | ★ 窗口内出现高位规避(最高 Round 70 100.0% >= 阈值 50%),按 G5 应停止循环并复盘 —— 最 | 1
2026-10-04 20:40:18 | 8414182ab8be76c3 | 174 | 168 | 164 | ★ 窗口内出现高位规避(最高 Round 70 100.0% >= 阈值 50%),按 G5 应停止循环并复盘 —— 最 | 1
2026-10-04 21:09:17 | c7ddef24ce1d887d | 175 | 169 | 165 | ★ 窗口内出现高位规避(最高 Round 70 100.0% >= 阈值 50%),按 G5 应停止循环并复盘 —— 最 | 1
2026-10-04 21:09:24 | c7ddef24ce1d887d | 175 | 169 | 165 | ★ 窗口内出现高位规避(最高 Round 70 100.0% >= 阈值 50%),按 G5 应停止循环并复盘 —— 最 | 1
2026-10-04 21:30:25 | c7ddef24ce1d887d | 175 | 169 | 165 | ★ 窗口内出现高位规避(最高 Round 70 100.0% >= 阈值 50%),按 G5 应停止循环并复盘 —— 最 | 1
2026-10-04 21:30:31 | c7ddef24ce1d887d | 175 | 169 | 165 | ★ 窗口内出现高位规避(最高 Round 70 100.0% >= 阈值 50%),按 G5 应停止循环并复盘 —— 最 | 1
2026-10-04 21:35:33 | c7ddef24ce1d887d | 175 | 169 | 165 | ★ 窗口内出现高位规避(最高 Round 70 100.0% >= 阈值 50%),按 G5 应停止循环并复盘 —— 最 | 1
2026-10-04 21:42:53 | c7ddef24ce1d887d | 175 | 169 | 165 | ★ 窗口内出现高位规避(最高 Round 70 100.0% >= 阈值 50%),按 G5 应停止循环并复盘 —— 最 | 1
2026-10-04 23:19:13 | c7ddef24ce1d887d | 175 | 169 | 165 | ★ 窗口内出现高位规避(最高 Round 70 100.0% >= 阈值 50%),按 G5 应停止循环并复盘 —— 最 | 1
2026-10-06 14:33:16 | c7ddef24ce1d887d | 175 | 169 | 165 | ★ 窗口内出现高位规避(最高 Round 70 100.0% >= 阈值 50%),按 G5 应停止循环并复盘 —— 最 | 1
2026-10-06 14:58:32 | c7ddef24ce1d887d | 175 | 169 | 165 | ★ 窗口内出现高位规避(最高 Round 70 100.0% >= 阈值 50%),按 G5 应停止循环并复盘 —— 最 | 1
2026-10-06 15:07:46 | c7ddef24ce1d887d | 175 | 169 | 165 | ★ 窗口内出现高位规避(最高 Round 70 100.0% >= 阈值 50%),按 G5 应停止循环并复盘 —— 最 | 1
2026-10-06 15:35:03 | c7ddef24ce1d887d | 175 | 169 | 165 | ★ 窗口内出现高位规避(最高 Round 70 100.0% >= 阈值 50%),按 G5 应停止循环并复盘 —— 最 | 1
2026-10-07 05:30:48 | c7ddef24ce1d887d | 175 | 169 | 165 | ★ 窗口内出现高位规避(最高 Round 70 100.0% >= 阈值 50%),按 G5 应停止循环并复盘 —— 最 | 1
2026-10-07 05:40:21 | c7ddef24ce1d887d | 175 | 169 | 165 | ★ 窗口内出现高位规避(最高 Round 70 100.0% >= 阈值 50%),按 G5 应停止循环并复盘 —— 最 | 1
2026-10-07 06:02:59 | c7ddef24ce1d887d | 175 | 169 | 165 | ★ 窗口内出现高位规避(最高 Round 70 100.0% >= 阈值 50%),按 G5 应停止循环并复盘 —— 最 | 1
